
Optional file libmchp_peripheral.a not found

Optional file libmchp_peripheral_32MX795F512L.a not found
Archive member included because of file (symbol)

c:/program files (x86)/microchip/xc32/v1.40/bin/bin/../../lib/gcc/pic32mx/4.8.3/../../../../pic32mx/lib\libpic32.a(memcpy.o)
                              build/my-uart-config/production/_ext/1128951024/queue.o (memcpy)
c:/program files (x86)/microchip/xc32/v1.40/bin/bin/../../lib/gcc/pic32mx/4.8.3/../../../../pic32mx/lib\libpic32.a(memset.o)
                              build/my-uart-config/production/_ext/1128951024/tasks.o (memset)
c:/program files (x86)/microchip/xc32/v1.40/bin/bin/../../lib/gcc/pic32mx/4.8.3/../../../../pic32mx/lib\libpic32.a(default-bootstrap-exception-handler.o)
                              c:/program files (x86)/microchip/xc32/v1.40/bin/bin/../../lib/gcc/pic32mx/4.8.3/../../../../pic32mx/lib/./proc/32MX795F512L/crt0_mips32r2.o (_bootstrap_exception_handler)
c:/program files (x86)/microchip/xc32/v1.40/bin/bin/../../lib/gcc/pic32mx/4.8.3/../../../../pic32mx/lib\libpic32.a(default-on-reset.o)
                              c:/program files (x86)/microchip/xc32/v1.40/bin/bin/../../lib/gcc/pic32mx/4.8.3/../../../../pic32mx/lib/./proc/32MX795F512L/crt0_mips32r2.o (_on_reset)
c:/program files (x86)/microchip/xc32/v1.40/bin/bin/../../lib/gcc/pic32mx/4.8.3/../../../../pic32mx/lib\libpic32.a(default-on-bootstrap.o)
                              c:/program files (x86)/microchip/xc32/v1.40/bin/bin/../../lib/gcc/pic32mx/4.8.3/../../../../pic32mx/lib/./proc/32MX795F512L/crt0_mips32r2.o (_on_bootstrap)
c:/program files (x86)/microchip/xc32/v1.40/bin/bin/../../lib/gcc/pic32mx/4.8.3/../../../../pic32mx/lib\libpic32.a(default-nmi-handler.o)
                              c:/program files (x86)/microchip/xc32/v1.40/bin/bin/../../lib/gcc/pic32mx/4.8.3/../../../../pic32mx/lib/./proc/32MX795F512L/crt0_mips32r2.o (_nmi_handler)
c:/program files (x86)/microchip/xc32/v1.40/bin/bin/../../lib/gcc/pic32mx/4.8.3/../../../../pic32mx/lib\libpic32.a(general-exception.o)
                              c:/program files (x86)/microchip/xc32/v1.40/bin/bin/../../lib/gcc/pic32mx/4.8.3/../../../../pic32mx/lib/./proc/32MX795F512L/crt0_mips32r2.o (_general_exception_context)
c:/program files (x86)/microchip/xc32/v1.40/bin/bin/../../lib/gcc/pic32mx/4.8.3/../../../../pic32mx/lib\libpic32.a(vector0.o)
                              c:/program files (x86)/microchip/xc32/v1.40/bin/bin/../../lib/gcc/pic32mx/4.8.3/../../../../pic32mx/lib/./proc/32MX795F512L\default_isr_vectors.o (__vector_dispatch_0)
c:/program files (x86)/microchip/xc32/v1.40/bin/bin/../../lib/gcc/pic32mx/4.8.3/../../../../pic32mx/lib\libpic32.a(vector2.o)
                              c:/program files (x86)/microchip/xc32/v1.40/bin/bin/../../lib/gcc/pic32mx/4.8.3/../../../../pic32mx/lib/./proc/32MX795F512L\default_isr_vectors.o (__vector_dispatch_2)
c:/program files (x86)/microchip/xc32/v1.40/bin/bin/../../lib/gcc/pic32mx/4.8.3/../../../../pic32mx/lib\libpic32.a(vector3.o)
                              c:/program files (x86)/microchip/xc32/v1.40/bin/bin/../../lib/gcc/pic32mx/4.8.3/../../../../pic32mx/lib/./proc/32MX795F512L\default_isr_vectors.o (__vector_dispatch_3)
c:/program files (x86)/microchip/xc32/v1.40/bin/bin/../../lib/gcc/pic32mx/4.8.3/../../../../pic32mx/lib\libpic32.a(vector5.o)
                              c:/program files (x86)/microchip/xc32/v1.40/bin/bin/../../lib/gcc/pic32mx/4.8.3/../../../../pic32mx/lib/./proc/32MX795F512L\default_isr_vectors.o (__vector_dispatch_5)
c:/program files (x86)/microchip/xc32/v1.40/bin/bin/../../lib/gcc/pic32mx/4.8.3/../../../../pic32mx/lib\libpic32.a(vector6.o)
                              c:/program files (x86)/microchip/xc32/v1.40/bin/bin/../../lib/gcc/pic32mx/4.8.3/../../../../pic32mx/lib/./proc/32MX795F512L\default_isr_vectors.o (__vector_dispatch_6)
c:/program files (x86)/microchip/xc32/v1.40/bin/bin/../../lib/gcc/pic32mx/4.8.3/../../../../pic32mx/lib\libpic32.a(vector7.o)
                              c:/program files (x86)/microchip/xc32/v1.40/bin/bin/../../lib/gcc/pic32mx/4.8.3/../../../../pic32mx/lib/./proc/32MX795F512L\default_isr_vectors.o (__vector_dispatch_7)
c:/program files (x86)/microchip/xc32/v1.40/bin/bin/../../lib/gcc/pic32mx/4.8.3/../../../../pic32mx/lib\libpic32.a(vector9.o)
                              c:/program files (x86)/microchip/xc32/v1.40/bin/bin/../../lib/gcc/pic32mx/4.8.3/../../../../pic32mx/lib/./proc/32MX795F512L\default_isr_vectors.o (__vector_dispatch_9)
c:/program files (x86)/microchip/xc32/v1.40/bin/bin/../../lib/gcc/pic32mx/4.8.3/../../../../pic32mx/lib\libpic32.a(vector10.o)
                              c:/program files (x86)/microchip/xc32/v1.40/bin/bin/../../lib/gcc/pic32mx/4.8.3/../../../../pic32mx/lib/./proc/32MX795F512L\default_isr_vectors.o (__vector_dispatch_10)
[...]
Memory Configuration

Name             Origin             Length             Attributes
kseg0_program_mem 0x9d000000         0x00080000         xr
kseg0_boot_mem   0x9fc00490         0x00000970
exception_mem    0x9fc01000         0x00001000
kseg1_boot_mem   0xbfc00000         0x00000490
debug_exec_mem   0xbfc02000         0x00000ff0
config3          0xbfc02ff0         0x00000004
config2          0xbfc02ff4         0x00000004
config1          0xbfc02ff8         0x00000004
config0          0xbfc02ffc         0x00000004
kseg1_data_mem   0xa0000000         0x00020000         w !x
sfrs             0xbf800000         0x00100000
configsfrs       0xbfc02ff0         0x00000010
*default*        0x00000000         0xffffffff

Linker script and memory map

LOAD c:/program files (x86)/microchip/xc32/v1.40/bin/bin/../../lib/gcc/pic32mx/4.8.3/../../../../pic32mx/lib/./proc/32MX795F512L/crt0_mips32r2.o
LOAD c:/program files (x86)/microchip/xc32/v1.40/bin/bin/../../lib/gcc/pic32mx/4.8.3/../../../../pic32mx/lib\debug-exception-return.o
LOAD build/my-uart-config/production/_ext/1444944969/drv_adc_static.o
LOAD build/my-uart-config/production/_ext/479494361/drv_oc_static.o
LOAD build/my-uart-config/production/_ext/1490729040/drv_tmr_static.o
LOAD build/my-uart-config/production/_ext/840685753/drv_usart_static.o
LOAD build/my-uart-config/production/_ext/556318272/sys_clk_static.o
LOAD build/my-uart-config/production/_ext/553332464/sys_ports_static.o
LOAD build/my-uart-config/production/_ext/513330327/system_init.o
LOAD build/my-uart-config/production/_ext/513330327/system_interrupt.o
LOAD build/my-uart-config/production/_ext/513330327/system_exceptions.o
LOAD build/my-uart-config/production/_ext/513330327/system_tasks.o
LOAD build/my-uart-config/production/_ext/513330327/system_interrupt_a.o
LOAD build/my-uart-config/production/_ext/513330327/rtos_hooks.o
LOAD build/my-uart-config/production/_ext/1360937237/main.o
LOAD build/my-uart-config/production/_ext/1360937237/debug.o
LOAD build/my-uart-config/production/_ext/1360937237/coordinator.o
LOAD build/my-uart-config/production/_ext/1360937237/coordinator_public.o
LOAD build/my-uart-config/production/_ext/1360937237/coordinator_timer1.o
LOAD build/my-uart-config/production/_ext/1360937237/monitor.o
LOAD build/my-uart-config/production/_ext/1360937237/motor.o
LOAD build/my-uart-config/production/_ext/1360937237/sensor.o
LOAD build/my-uart-config/production/_ext/1360937237/sensor_public.o
LOAD build/my-uart-config/production/_ext/1360937237/motor_public.o
LOAD build/my-uart-config/production/_ext/1360937237/monitor_public.o
LOAD build/my-uart-config/production/_ext/1360937237/message.o
LOAD build/my-uart-config/production/_ext/1360937237/message_public.o
LOAD build/my-uart-config/production/_ext/1360937237/sensor_timer1.o
LOAD build/my-uart-config/production/_ext/1360937237/motor_timer.o
LOAD build/my-uart-config/production/_ext/24337685/osal_freertos.o
LOAD build/my-uart-config/production/_ext/1271179505/sys_devcon.o
LOAD build/my-uart-config/production/_ext/1271179505/sys_devcon_pic32mx.o
LOAD build/my-uart-config/production/_ext/122796885/sys_int_pic32.o
LOAD build/my-uart-config/production/_ext/77319752/sys_ports.o
LOAD build/my-uart-config/production/_ext/1856876499/heap_1.o
LOAD build/my-uart-config/production/_ext/12131622/port.o
LOAD build/my-uart-config/production/_ext/12131622/port_asm.o
LOAD build/my-uart-config/production/_ext/1128951024/croutine.o
LOAD build/my-uart-config/production/_ext/1128951024/list.o
LOAD build/my-uart-config/production/_ext/1128951024/queue.o
LOAD build/my-uart-config/production/_ext/1128951024/tasks.o
LOAD build/my-uart-config/production/_ext/1128951024/timers.o
LOAD build/my-uart-config/production/_ext/1128951024/event_groups.o
LOAD ..\..\..\..\bin\framework\peripheral\PIC32MX795F512L_peripherals.a
                0x00000001                __MPLAB_BUILD = 0x1
                0x00000000                _min_heap_size = 0x0
LOAD c:/program files (x86)/microchip/xc32/v1.40/bin/bin/../../lib/gcc/pic32mx/4.8.3/../../../../pic32mx/lib/./proc/32MX795F512L\default_isr_vectors.o
LOAD c:/program files (x86)/microchip/xc32/v1.40/bin/bin/../../lib/gcc/pic32mx/4.8.3/../../../../pic32mx/lib\pic32_software_reset.o
                0x00000400                PROVIDE (_min_stack_size, 0x400)
LOAD c:/program files (x86)/microchip/xc32/v1.40/bin/bin/../../lib/gcc/pic32mx/4.8.3/../../../../pic32mx/lib/./proc/32MX795F512L\processor.o
START GROUP
LOAD libmchp_peripheral.a
END GROUP
START GROUP
LOAD libmchp_peripheral_32MX795F512L.a
END GROUP
                0x00000001                PROVIDE (_vector_spacing, 0x1)
                0x9fc01000                _ebase_address = 0x9fc01000
                0xbfc00000                _RESET_ADDR = 0xbfc00000
                0xbfc00380                _BEV_EXCPT_ADDR = 0xbfc00380
                0xbfc00480                _DBG_EXCPT_ADDR = 0xbfc00480
                0xbfc02000                _DBG_CODE_ADDR = 0xbfc02000
                0x00000ff0                _DBG_CODE_SIZE = 0xff0
                0x9fc01180                _GEN_EXCPT_ADDR = (_ebase_address + 0x180)

.config_BFC02FF0
                0xbfc02ff0        0x4
 *(.config_BFC02FF0)
 .config_BFC02FF0
                0xbfc02ff0        0x4 build/my-uart-config/production/_ext/513330327/system_init.o

.config_BFC02FF4
                0xbfc02ff4        0x4
 *(.config_BFC02FF4)
 .config_BFC02FF4
                0xbfc02ff4        0x4 build/my-uart-config/production/_ext/513330327/system_init.o

.config_BFC02FF8
                0xbfc02ff8        0x4
 *(.config_BFC02FF8)
 .config_BFC02FF8
                0xbfc02ff8        0x4 build/my-uart-config/production/_ext/513330327/system_init.o

.config_BFC02FFC
                0xbfc02ffc        0x4
 *(.config_BFC02FFC)
 .config_BFC02FFC
                0xbfc02ffc        0x4 build/my-uart-config/production/_ext/513330327/system_init.o
                0xbfc02000                PROVIDE (_DBG_CODE_ADDR, 0xbfc02000)
                0x00000ff0                PROVIDE (_DBG_CODE_SIZE, 0xff0)

.reset          0xbfc00000      0x1f4
 *(.reset)
 .reset         0xbfc00000        0x8 c:/program files (x86)/microchip/xc32/v1.40/bin/bin/../../lib/gcc/pic32mx/4.8.3/../../../../pic32mx/lib/./proc/32MX795F512L/crt0_mips32r2.o
                0xbfc00000                _reset
 *(.reset.startup)
 .reset.startup
                0xbfc00008      0x1ec c:/program files (x86)/microchip/xc32/v1.40/bin/bin/../../lib/gcc/pic32mx/4.8.3/../../../../pic32mx/lib/./proc/32MX795F512L/crt0_mips32r2.o

.bev_excpt      0xbfc00380       0x10
 *(.bev_handler)
 .bev_handler   0xbfc00380       0x10 c:/program files (x86)/microchip/xc32/v1.40/bin/bin/../../lib/gcc/pic32mx/4.8.3/../../../../pic32mx/lib/./proc/32MX795F512L/crt0_mips32r2.o

.dbg_excpt      0xbfc00480        0x0
                0xbfc00480                . = (. + DEFINED (_DEBUGGER)?0x8:0x0)

.dbg_code       0xbfc02000        0x0
                0xbfc02000                . = (. + DEFINED (_DEBUGGER)?_DBG_CODE_SIZE:0x0)

.app_excpt      0x9fc01180       0x10
 *(.gen_handler)
 .gen_handler   0x9fc01180       0x10 c:/program files (x86)/microchip/xc32/v1.40/bin/bin/../../lib/gcc/pic32mx/4.8.3/../../../../pic32mx/lib/./proc/32MX795F512L/crt0_mips32r2.o

.vector_0       0x9fc01200        0x8
 *(.vector_0)
 .vector_0      0x9fc01200        0x8 c:/program files (x86)/microchip/xc32/v1.40/bin/bin/../../lib/gcc/pic32mx/4.8.3/../../../../pic32mx/lib\libpic32.a(vector0.o)
                0x9fc01200                __vector_dispatch_0
                0x00000001                ASSERT (((_vector_spacing == 0x0) || (SIZEOF (.vector_0) <= (_vector_spacing << 0x5))), function at exception vector 0 too large)

.vector_1       0x9fc01220        0x8
 *(.vector_1)
 .vector_1      0x9fc01220        0x8 build/my-uart-config/production/_ext/12131622/port.o
                0x9fc01220                __vector_dispatch_1
                0x00000001                ASSERT (((_vector_spacing == 0x0) || (SIZEOF (.vector_1) <= (_vector_spacing << 0x5))), function at exception vector 1 too large)

.vector_2       0x9fc01240        0x8
 *(.vector_2)
 .vector_2      0x9fc01240        0x8 c:/program files (x86)/microchip/xc32/v1.40/bin/bin/../../lib/gcc/pic32mx/4.8.3/../../../../pic32mx/lib\libpic32.a(vector2.o)
                0x9fc01240                __vector_dispatch_2
                0x00000001                ASSERT (((_vector_spacing == 0x0) || (SIZEOF (.vector_2) <= (_vector_spacing << 0x5))), function at exception vector 2 too large)

.vector_3       0x9fc01260        0x8
 *(.vector_3)
 .vector_3      0x9fc01260        0x8 c:/program files (x86)/microchip/xc32/v1.40/bin/bin/../../lib/gcc/pic32mx/4.8.3/../../../../pic32mx/lib\libpic32.a(vector3.o)
                0x9fc01260                __vector_dispatch_3
                0x00000001                ASSERT (((_vector_spacing == 0x0) || (SIZEOF (.vector_3) <= (_vector_spacing << 0x5))), function at exception vector 3 too large)

.vector_4       0x9fc01280        0x8
 *(.vector_4)
 .vector_4      0x9fc01280        0x8 build/my-uart-config/production/_ext/12131622/port.o
                0x9fc01280                __vector_dispatch_4
                0x00000001                ASSERT (((_vector_spacing == 0x0) || (SIZEOF (.vector_4) <= (_vector_spacing << 0x5))), function at exception vector 4 too large)

.vector_5       0x9fc012a0        0x8
 *(.vector_5)
 .vector_5      0x9fc012a0        0x8 c:/program files (x86)/microchip/xc32/v1.40/bin/bin/../../lib/gcc/pic32mx/4.8.3/../../../../pic32mx/lib\libpic32.a(vector5.o)
                0x9fc012a0                __vector_dispatch_5
                0x00000001                ASSERT (((_vector_spacing == 0x0) || (SIZEOF (.vector_5) <= (_vector_spacing << 0x5))), function at exception vector 5 too large)

.vector_6       0x9fc012c0        0x8
 *(.vector_6)
 .vector_6      0x9fc012c0        0x8 c:/program files (x86)/microchip/xc32/v1.40/bin/bin/../../lib/gcc/pic32mx/4.8.3/../../../../pic32mx/lib\libpic32.a(vector6.o)
                0x9fc012c0                __vector_dispatch_6
                0x00000001                ASSERT (((_vector_spacing == 0x0) || (SIZEOF (.vector_6) <= (_vector_spacing << 0x5))), function at exception vector 6 too large)

.vector_7       0x9fc012e0        0x8
 *(.vector_7)
 .vector_7      0x9fc012e0        0x8 c:/program files (x86)/microchip/xc32/v1.40/bin/bin/../../lib/gcc/pic32mx/4.8.3/../../../../pic32mx/lib\libpic32.a(vector7.o)
                0x9fc012e0                __vector_dispatch_7
                0x00000001                ASSERT (((_vector_spacing == 0x0) || (SIZEOF (.vector_7) <= (_vector_spacing << 0x5))), function at exception vector 7 too large)

.vector_8       0x9fc01300       0x10
 *(.vector_8)
 .vector_8      0x9fc01300       0x10 build/my-uart-config/production/_ext/513330327/system_interrupt_a.o
                0x9fc01300                __vector_dispatch_8
                0x00000001                ASSERT (((_vector_spacing == 0x0) || (SIZEOF (.vector_8) <= (_vector_spacing << 0x5))), function at exception vector 8 too large)

.vector_9       0x9fc01320        0x8
 *(.vector_9)
 .vector_9      0x9fc01320        0x8 c:/program files (x86)/microchip/xc32/v1.40/bin/bin/../../lib/gcc/pic32mx/4.8.3/../../../../pic32mx/lib\libpic32.a(vector9.o)
                0x9fc01320                __vector_dispatch_9
                0x00000001                ASSERT (((_vector_spacing == 0x0) || (SIZEOF (.vector_9) <= (_vector_spacing << 0x5))), function at exception vector 9 too large)

.vector_10      0x9fc01340        0x8
 *(.vector_10)
 .vector_10     0x9fc01340        0x8 c:/program files (x86)/microchip/xc32/v1.40/bin/bin/../../lib/gcc/pic32mx/4.8.3/../../../../pic32mx/lib\libpic32.a(vector10.o)
                0x9fc01340                __vector_dispatch_10
                0x00000001                ASSERT (((_vector_spacing == 0x0) || (SIZEOF (.vector_10) <= (_vector_spacing << 0x5))), function at exception vector 10 too large)

.vector_11      0x9fc01360        0x8
 *(.vector_11)
 .vector_11     0x9fc01360        0x8 c:/program files (x86)/microchip/xc32/v1.40/bin/bin/../../lib/gcc/pic32mx/4.8.3/../../../../pic32mx/lib\libpic32.a(vector11.o)
                0x9fc01360                __vector_dispatch_11
                0x00000001                ASSERT (((_vector_spacing == 0x0) || (SIZEOF (.vector_11) <= (_vector_spacing << 0x5))), function at exception vector 11 too large)

.vector_12      0x9fc01380        0x8
 *(.vector_12)
 .vector_12     0x9fc01380        0x8 c:/program files (x86)/microchip/xc32/v1.40/bin/bin/../../lib/gcc/pic32mx/4.8.3/../../../../pic32mx/lib\libpic32.a(vector12.o)
                0x9fc01380                __vector_dispatch_12
                0x00000001                ASSERT (((_vector_spacing == 0x0) || (SIZEOF (.vector_12) <= (_vector_spacing << 0x5))), function at exception vector 12 too large)

.vector_13      0x9fc013a0        0x8
 *(.vector_13)
 .vector_13     0x9fc013a0        0x8 c:/program files (x86)/microchip/xc32/v1.40/bin/bin/../../lib/gcc/pic32mx/4.8.3/../../../../pic32mx/lib\libpic32.a(vector13.o)
                0x9fc013a0                __vector_dispatch_13
                0x00000001                ASSERT (((_vector_spacing == 0x0) || (SIZEOF (.vector_13) <= (_vector_spacing << 0x5))), function at exception vector 13 too large)

.vector_14      0x9fc013c0       0x10
 *(.vector_14)
 .vector_14     0x9fc013c0       0x10 build/my-uart-config/production/_ext/513330327/system_interrupt_a.o
                0x9fc013c0                __vector_dispatch_14
                0x00000001                ASSERT (((_vector_spacing == 0x0) || (SIZEOF (.vector_14) <= (_vector_spacing << 0x5))), function at exception vector 14 too large)

.vector_15      0x9fc013e0        0x8
 *(.vector_15)
 .vector_15     0x9fc013e0        0x8 c:/program files (x86)/microchip/xc32/v1.40/bin/bin/../../lib/gcc/pic32mx/4.8.3/../../../../pic32mx/lib\libpic32.a(vector15.o)
                0x9fc013e0                __vector_dispatch_15
                0x00000001                ASSERT (((_vector_spacing == 0x0) || (SIZEOF (.vector_15) <= (_vector_spacing << 0x5))), function at exception vector 15 too large)

.vector_16      0x9fc01400        0x8
 *(.vector_16)
 .vector_16     0x9fc01400        0x8 c:/program files (x86)/microchip/xc32/v1.40/bin/bin/../../lib/gcc/pic32mx/4.8.3/../../../../pic32mx/lib\libpic32.a(vector16.o)
                0x9fc01400                __vector_dispatch_16
                0x00000001                ASSERT (((_vector_spacing == 0x0) || (SIZEOF (.vector_16) <= (_vector_spacing << 0x5))), function at exception vector 16 too large)

.vector_17      0x9fc01420        0x8
 *(.vector_17)
 .vector_17     0x9fc01420        0x8 c:/program files (x86)/microchip/xc32/v1.40/bin/bin/../../lib/gcc/pic32mx/4.8.3/../../../../pic32mx/lib\libpic32.a(vector17.o)
                0x9fc01420                __vector_dispatch_17
                0x00000001                ASSERT (((_vector_spacing == 0x0) || (SIZEOF (.vector_17) <= (_vector_spacing << 0x5))), function at exception vector 17 too large)

.vector_18      0x9fc01440       0x10
 *(.vector_18)
 .vector_18     0x9fc01440       0x10 build/my-uart-config/production/_ext/513330327/system_interrupt_a.o
                0x9fc01440                __vector_dispatch_18
                0x00000001                ASSERT (((_vector_spacing == 0x0) || (SIZEOF (.vector_18) <= (_vector_spacing << 0x5))), function at exception vector 18 too large)

.vector_19      0x9fc01460        0x8
 *(.vector_19)
 .vector_19     0x9fc01460        0x8 c:/program files (x86)/microchip/xc32/v1.40/bin/bin/../../lib/gcc/pic32mx/4.8.3/../../../../pic32mx/lib\libpic32.a(vector19.o)
                0x9fc01460                __vector_dispatch_19
                0x00000001                ASSERT (((_vector_spacing == 0x0) || (SIZEOF (.vector_19) <= (_vector_spacing << 0x5))), function at exception vector 19 too large)

.vector_20      0x9fc01480        0x8
 *(.vector_20)
 .vector_20     0x9fc01480        0x8 c:/program files (x86)/microchip/xc32/v1.40/bin/bin/../../lib/gcc/pic32mx/4.8.3/../../../../pic32mx/lib\libpic32.a(vector20.o)
                0x9fc01480                __vector_dispatch_20
                0x00000001                ASSERT (((_vector_spacing == 0x0) || (SIZEOF (.vector_20) <= (_vector_spacing << 0x5))), function at exception vector 20 too large)

.vector_21      0x9fc014a0        0x8
 *(.vector_21)
 .vector_21     0x9fc014a0        0x8 c:/program files (x86)/microchip/xc32/v1.40/bin/bin/../../lib/gcc/pic32mx/4.8.3/../../../../pic32mx/lib\libpic32.a(vector21.o)
                0x9fc014a0                __vector_dispatch_21
                0x00000001                ASSERT (((_vector_spacing == 0x0) || (SIZEOF (.vector_21) <= (_vector_spacing << 0x5))), function at exception vector 21 too large)

.vector_22      0x9fc014c0       0x10
 *(.vector_22)
 .vector_22     0x9fc014c0       0x10 build/my-uart-config/production/_ext/513330327/system_interrupt_a.o
                0x9fc014c0                __vector_dispatch_22
                0x00000001                ASSERT (((_vector_spacing == 0x0) || (SIZEOF (.vector_22) <= (_vector_spacing << 0x5))), function at exception vector 22 too large)

.vector_23      0x9fc014e0        0x8
 *(.vector_23)
 .vector_23     0x9fc014e0        0x8 c:/program files (x86)/microchip/xc32/v1.40/bin/bin/../../lib/gcc/pic32mx/4.8.3/../../../../pic32mx/lib\libpic32.a(vector23.o)
                0x9fc014e0                __vector_dispatch_23
                0x00000001                ASSERT (((_vector_spacing == 0x0) || (SIZEOF (.vector_23) <= (_vector_spacing << 0x5))), function at exception vector 23 too large)

.vector_24      0x9fc01500       0x10
 *(.vector_24)
 .vector_24     0x9fc01500       0x10 build/my-uart-config/production/_ext/513330327/system_interrupt_a.o
                0x9fc01500                __vector_dispatch_24
                0x00000001                ASSERT (((_vector_spacing == 0x0) || (SIZEOF (.vector_24) <= (_vector_spacing << 0x5))), function at exception vector 24 too large)

.vector_25      0x9fc01520        0x8
 *(.vector_25)
 .vector_25     0x9fc01520        0x8 c:/program files (x86)/microchip/xc32/v1.40/bin/bin/../../lib/gcc/pic32mx/4.8.3/../../../../pic32mx/lib\libpic32.a(vector25.o)
                0x9fc01520                __vector_dispatch_25
                0x00000001                ASSERT (((_vector_spacing == 0x0) || (SIZEOF (.vector_25) <= (_vector_spacing << 0x5))), function at exception vector 25 too large)

.vector_26      0x9fc01540       0x10
 *(.vector_26)
 .vector_26     0x9fc01540       0x10 build/my-uart-config/production/_ext/513330327/system_interrupt_a.o
                0x9fc01540                __vector_dispatch_26
                0x00000001                ASSERT (((_vector_spacing == 0x0) || (SIZEOF (.vector_26) <= (_vector_spacing << 0x5))), function at exception vector 26 too large)

.vector_27      0x9fc01560        0x8
 *(.vector_27)
 .vector_27     0x9fc01560        0x8 c:/program files (x86)/microchip/xc32/v1.40/bin/bin/../../lib/gcc/pic32mx/4.8.3/../../../../pic32mx/lib\libpic32.a(vector27.o)
                0x9fc01560                __vector_dispatch_27
                0x00000001                ASSERT (((_vector_spacing == 0x0) || (SIZEOF (.vector_27) <= (_vector_spacing << 0x5))), function at exception vector 27 too large)

.vector_28      0x9fc01580        0x8
 *(.vector_28)
 .vector_28     0x9fc01580        0x8 c:/program files (x86)/microchip/xc32/v1.40/bin/bin/../../lib/gcc/pic32mx/4.8.3/../../../../pic32mx/lib\libpic32.a(vector28.o)
                0x9fc01580                __vector_dispatch_28
                0x00000001                ASSERT (((_vector_spacing == 0x0) || (SIZEOF (.vector_28) <= (_vector_spacing << 0x5))), function at exception vector 28 too large)

.vector_29      0x9fc015a0        0x8
 *(.vector_29)
 .vector_29     0x9fc015a0        0x8 c:/program files (x86)/microchip/xc32/v1.40/bin/bin/../../lib/gcc/pic32mx/4.8.3/../../../../pic32mx/lib\libpic32.a(vector29.o)
                0x9fc015a0                __vector_dispatch_29
                0x00000001                ASSERT (((_vector_spacing == 0x0) || (SIZEOF (.vector_29) <= (_vector_spacing << 0x5))), function at exception vector 29 too large)

.vector_30      0x9fc015c0        0x8
 *(.vector_30)
 .vector_30     0x9fc015c0        0x8 c:/program files (x86)/microchip/xc32/v1.40/bin/bin/../../lib/gcc/pic32mx/4.8.3/../../../../pic32mx/lib\libpic32.a(vector30.o)
                0x9fc015c0                __vector_dispatch_30
                0x00000001                ASSERT (((_vector_spacing == 0x0) || (SIZEOF (.vector_30) <= (_vector_spacing << 0x5))), function at exception vector 30 too large)

.vector_31      0x9fc015e0        0x8
 *(.vector_31)
 .vector_31     0x9fc015e0        0x8 c:/program files (x86)/microchip/xc32/v1.40/bin/bin/../../lib/gcc/pic32mx/4.8.3/../../../../pic32mx/lib\libpic32.a(vector31.o)
                0x9fc015e0                __vector_dispatch_31
                0x00000001                ASSERT (((_vector_spacing == 0x0) || (SIZEOF (.vector_31) <= (_vector_spacing << 0x5))), function at exception vector 31 too large)

.vector_32      0x9fc01600        0x8
 *(.vector_32)
 .vector_32     0x9fc01600        0x8 c:/program files (x86)/microchip/xc32/v1.40/bin/bin/../../lib/gcc/pic32mx/4.8.3/../../../../pic32mx/lib\libpic32.a(vector32.o)
                0x9fc01600                __vector_dispatch_32
                0x00000001                ASSERT (((_vector_spacing == 0x0) || (SIZEOF (.vector_32) <= (_vector_spacing << 0x5))), function at exception vector 32 too large)

.vector_33      0x9fc01620        0x8
 *(.vector_33)
 .vector_33     0x9fc01620        0x8 c:/program files (x86)/microchip/xc32/v1.40/bin/bin/../../lib/gcc/pic32mx/4.8.3/../../../../pic32mx/lib\libpic32.a(vector33.o)
                0x9fc01620                __vector_dispatch_33
                0x00000001                ASSERT (((_vector_spacing == 0x0) || (SIZEOF (.vector_33) <= (_vector_spacing << 0x5))), function at exception vector 33 too large)

.vector_34      0x9fc01640        0x8
 *(.vector_34)
 .vector_34     0x9fc01640        0x8 c:/program files (x86)/microchip/xc32/v1.40/bin/bin/../../lib/gcc/pic32mx/4.8.3/../../../../pic32mx/lib\libpic32.a(vector34.o)
                0x9fc01640                __vector_dispatch_34
                0x00000001                ASSERT (((_vector_spacing == 0x0) || (SIZEOF (.vector_34) <= (_vector_spacing << 0x5))), function at exception vector 34 too large)

.vector_35      0x9fc01660        0x8
 *(.vector_35)
 .vector_35     0x9fc01660        0x8 c:/program files (x86)/microchip/xc32/v1.40/bin/bin/../../lib/gcc/pic32mx/4.8.3/../../../../pic32mx/lib\libpic32.a(vector35.o)
                0x9fc01660                __vector_dispatch_35
                0x00000001                ASSERT (((_vector_spacing == 0x0) || (SIZEOF (.vector_35) <= (_vector_spacing << 0x5))), function at exception vector 35 too large)

.vector_36      0x9fc01680        0x8
 *(.vector_36)
 .vector_36     0x9fc01680        0x8 c:/program files (x86)/microchip/xc32/v1.40/bin/bin/../../lib/gcc/pic32mx/4.8.3/../../../../pic32mx/lib\libpic32.a(vector36.o)
                0x9fc01680                __vector_dispatch_36
                0x00000001                ASSERT (((_vector_spacing == 0x0) || (SIZEOF (.vector_36) <= (_vector_spacing << 0x5))), function at exception vector 36 too large)

.vector_37      0x9fc016a0        0x8
 *(.vector_37)
 .vector_37     0x9fc016a0        0x8 c:/program files (x86)/microchip/xc32/v1.40/bin/bin/../../lib/gcc/pic32mx/4.8.3/../../../../pic32mx/lib\libpic32.a(vector37.o)
                0x9fc016a0                __vector_dispatch_37
                0x00000001                ASSERT (((_vector_spacing == 0x0) || (SIZEOF (.vector_37) <= (_vector_spacing << 0x5))), function at exception vector 37 too large)

.vector_38      0x9fc016c0        0x8
 *(.vector_38)
 .vector_38     0x9fc016c0        0x8 c:/program files (x86)/microchip/xc32/v1.40/bin/bin/../../lib/gcc/pic32mx/4.8.3/../../../../pic32mx/lib\libpic32.a(vector38.o)
                0x9fc016c0                __vector_dispatch_38
                0x00000001                ASSERT (((_vector_spacing == 0x0) || (SIZEOF (.vector_38) <= (_vector_spacing << 0x5))), function at exception vector 38 too large)

.vector_39      0x9fc016e0        0x8
 *(.vector_39)
 .vector_39     0x9fc016e0        0x8 c:/program files (x86)/microchip/xc32/v1.40/bin/bin/../../lib/gcc/pic32mx/4.8.3/../../../../pic32mx/lib\libpic32.a(vector39.o)
                0x9fc016e0                __vector_dispatch_39
                0x00000001                ASSERT (((_vector_spacing == 0x0) || (SIZEOF (.vector_39) <= (_vector_spacing << 0x5))), function at exception vector 39 too large)

.vector_40      0x9fc01700        0x8
 *(.vector_40)
 .vector_40     0x9fc01700        0x8 c:/program files (x86)/microchip/xc32/v1.40/bin/bin/../../lib/gcc/pic32mx/4.8.3/../../../../pic32mx/lib\libpic32.a(vector40.o)
                0x9fc01700                __vector_dispatch_40
                0x00000001                ASSERT (((_vector_spacing == 0x0) || (SIZEOF (.vector_40) <= (_vector_spacing << 0x5))), function at exception vector 40 too large)

.vector_41      0x9fc01720        0x8
 *(.vector_41)
 .vector_41     0x9fc01720        0x8 c:/program files (x86)/microchip/xc32/v1.40/bin/bin/../../lib/gcc/pic32mx/4.8.3/../../../../pic32mx/lib\libpic32.a(vector41.o)
                0x9fc01720                __vector_dispatch_41
                0x00000001                ASSERT (((_vector_spacing == 0x0) || (SIZEOF (.vector_41) <= (_vector_spacing << 0x5))), function at exception vector 41 too large)

.vector_42      0x9fc01740        0x8
 *(.vector_42)
 .vector_42     0x9fc01740        0x8 c:/program files (x86)/microchip/xc32/v1.40/bin/bin/../../lib/gcc/pic32mx/4.8.3/../../../../pic32mx/lib\libpic32.a(vector42.o)
                0x9fc01740                __vector_dispatch_42
                0x00000001                ASSERT (((_vector_spacing == 0x0) || (SIZEOF (.vector_42) <= (_vector_spacing << 0x5))), function at exception vector 42 too large)

.vector_43      0x9fc01760        0x8
 *(.vector_43)
 .vector_43     0x9fc01760        0x8 c:/program files (x86)/microchip/xc32/v1.40/bin/bin/../../lib/gcc/pic32mx/4.8.3/../../../../pic32mx/lib\libpic32.a(vector43.o)
                0x9fc01760                __vector_dispatch_43
                0x00000001                ASSERT (((_vector_spacing == 0x0) || (SIZEOF (.vector_43) <= (_vector_spacing << 0x5))), function at exception vector 43 too large)

.vector_44      0x9fc01780        0x8
 *(.vector_44)
 .vector_44     0x9fc01780        0x8 c:/program files (x86)/microchip/xc32/v1.40/bin/bin/../../lib/gcc/pic32mx/4.8.3/../../../../pic32mx/lib\libpic32.a(vector44.o)
                0x9fc01780                __vector_dispatch_44
                0x00000001                ASSERT (((_vector_spacing == 0x0) || (SIZEOF (.vector_44) <= (_vector_spacing << 0x5))), function at exception vector 44 too large)

.vector_45      0x9fc017a0        0x8
 *(.vector_45)
 .vector_45     0x9fc017a0        0x8 c:/program files (x86)/microchip/xc32/v1.40/bin/bin/../../lib/gcc/pic32mx/4.8.3/../../../../pic32mx/lib\libpic32.a(vector45.o)
                0x9fc017a0                __vector_dispatch_45
                0x00000001                ASSERT (((_vector_spacing == 0x0) || (SIZEOF (.vector_45) <= (_vector_spacing << 0x5))), function at exception vector 45 too large)

.vector_46      0x9fc017c0        0x8
 *(.vector_46)
 .vector_46     0x9fc017c0        0x8 c:/program files (x86)/microchip/xc32/v1.40/bin/bin/../../lib/gcc/pic32mx/4.8.3/../../../../pic32mx/lib\libpic32.a(vector46.o)
                0x9fc017c0                __vector_dispatch_46
                0x00000001                ASSERT (((_vector_spacing == 0x0) || (SIZEOF (.vector_46) <= (_vector_spacing << 0x5))), function at exception vector 46 too large)

.vector_47      0x9fc017e0        0x8
 *(.vector_47)
 .vector_47     0x9fc017e0        0x8 c:/program files (x86)/microchip/xc32/v1.40/bin/bin/../../lib/gcc/pic32mx/4.8.3/../../../../pic32mx/lib\libpic32.a(vector47.o)
                0x9fc017e0                __vector_dispatch_47
                0x00000001                ASSERT (((_vector_spacing == 0x0) || (SIZEOF (.vector_47) <= (_vector_spacing << 0x5))), function at exception vector 47 too large)

.vector_48      0x9fc01800        0x8
 *(.vector_48)
 .vector_48     0x9fc01800        0x8 c:/program files (x86)/microchip/xc32/v1.40/bin/bin/../../lib/gcc/pic32mx/4.8.3/../../../../pic32mx/lib\libpic32.a(vector48.o)
                0x9fc01800                __vector_dispatch_48
                0x00000001                ASSERT (((_vector_spacing == 0x0) || (SIZEOF (.vector_48) <= (_vector_spacing << 0x5))), function at exception vector 48 too large)

.vector_49      0x9fc01820        0x8
 *(.vector_49)
 .vector_49     0x9fc01820        0x8 c:/program files (x86)/microchip/xc32/v1.40/bin/bin/../../lib/gcc/pic32mx/4.8.3/../../../../pic32mx/lib\libpic32.a(vector49.o)
                0x9fc01820                __vector_dispatch_49
                0x00000001                ASSERT (((_vector_spacing == 0x0) || (SIZEOF (.vector_49) <= (_vector_spacing << 0x5))), function at exception vector 49 too large)

.vector_50      0x9fc01840        0x8
 *(.vector_50)
 .vector_50     0x9fc01840        0x8 c:/program files (x86)/microchip/xc32/v1.40/bin/bin/../../lib/gcc/pic32mx/4.8.3/../../../../pic32mx/lib\libpic32.a(vector50.o)
                0x9fc01840                __vector_dispatch_50
                0x00000001                ASSERT (((_vector_spacing == 0x0) || (SIZEOF (.vector_50) <= (_vector_spacing << 0x5))), function at exception vector 50 too large)

.vector_51      0x9fc01860        0x8
 *(.vector_51)
 .vector_51     0x9fc01860        0x8 c:/program files (x86)/microchip/xc32/v1.40/bin/bin/../../lib/gcc/pic32mx/4.8.3/../../../../pic32mx/lib\libpic32.a(vector51.o)
                0x9fc01860                __vector_dispatch_51
                0x00000001                ASSERT (((_vector_spacing == 0x0) || (SIZEOF (.vector_51) <= (_vector_spacing << 0x5))), function at exception vector 51 too large)

.vector_52      0x9fc01880        0x0
 *(.vector_52)
                0x00000001                ASSERT (((_vector_spacing == 0x0) || (SIZEOF (.vector_52) <= (_vector_spacing << 0x5))), function at exception vector 52 too large)

.vector_53      0x9fc018a0        0x0
 *(.vector_53)
                0x00000001                ASSERT (((_vector_spacing == 0x0) || (SIZEOF (.vector_53) <= (_vector_spacing << 0x5))), function at exception vector 53 too large)

.vector_54      0x9fc018c0        0x0
 *(.vector_54)
                0x00000001                ASSERT (((_vector_spacing == 0x0) || (SIZEOF (.vector_54) <= (_vector_spacing << 0x5))), function at exception vector 54 too large)

.vector_55      0x9fc018e0        0x0
 *(.vector_55)
                0x00000001                ASSERT (((_vector_spacing == 0x0) || (SIZEOF (.vector_55) <= (_vector_spacing << 0x5))), function at exception vector 55 too large)

.vector_56      0x9fc01900        0x0
 *(.vector_56)
                0x00000001                ASSERT (((_vector_spacing == 0x0) || (SIZEOF (.vector_56) <= (_vector_spacing << 0x5))), function at exception vector 56 too large)

.vector_57      0x9fc01920        0x0
 *(.vector_57)
                0x00000001                ASSERT (((_vector_spacing == 0x0) || (SIZEOF (.vector_57) <= (_vector_spacing << 0x5))), function at exception vector 57 too large)

.vector_58      0x9fc01940        0x0
 *(.vector_58)
                0x00000001                ASSERT (((_vector_spacing == 0x0) || (SIZEOF (.vector_58) <= (_vector_spacing << 0x5))), function at exception vector 58 too large)

.vector_59      0x9fc01960        0x0
 *(.vector_59)
                0x00000001                ASSERT (((_vector_spacing == 0x0) || (SIZEOF (.vector_59) <= (_vector_spacing << 0x5))), function at exception vector 59 too large)

.vector_60      0x9fc01980        0x0
 *(.vector_60)
                0x00000001                ASSERT (((_vector_spacing == 0x0) || (SIZEOF (.vector_60) <= (_vector_spacing << 0x5))), function at exception vector 60 too large)

.vector_61      0x9fc019a0        0x0
 *(.vector_61)
                0x00000001                ASSERT (((_vector_spacing == 0x0) || (SIZEOF (.vector_61) <= (_vector_spacing << 0x5))), function at exception vector 61 too large)

.vector_62      0x9fc019c0        0x0
 *(.vector_62)
                0x00000001                ASSERT (((_vector_spacing == 0x0) || (SIZEOF (.vector_62) <= (_vector_spacing << 0x5))), function at exception vector 62 too large)

.vector_63      0x9fc019e0        0x0
 *(.vector_63)
                0x00000001                ASSERT (((_vector_spacing == 0x0) || (SIZEOF (.vector_63) <= (_vector_spacing << 0x5))), function at exception vector 63 too large)

.startup
 *(.startup)

.text           0x9d000000        0x0
 *(.stub .gnu.linkonce.t.*)
 *(.text.*personality*)
 *(.mips16.fn.*)
 *(.mips16.call.*)
 *(.gnu.warning)
                0x9d000000                . = ALIGN (0x4)

.init           0x9d000000        0x0
 *crti.o(.init)
 *crtbegin.o(.init)
 *(EXCLUDE_FILE(*crtn.o *crtend?.o *crtend.o) .init)
 *crtend.o(.init)
 *crtn.o(.init)
                0x9d000000                . = ALIGN (0x4)

.fini           0x9d000000        0x0
 *(.fini)
                0x9d000000                . = ALIGN (0x4)

.preinit_array  0x9d000000        0x0
                0x9d000000                PROVIDE (__preinit_array_start, .)
 *(.preinit_array)
                0x9d000000                PROVIDE (__preinit_array_end, .)
                0x9d000000                . = ALIGN (0x4)

.init_array     0x9d000000        0x0
                0x9d000000                PROVIDE (__init_array_start, .)
 *(SORT(.init_array.*))
 *(.init_array)
                0x9d000000                PROVIDE (__init_array_end, .)
                0x9d000000                . = ALIGN (0x4)

.fini_array     0x9d000000        0x0
                0x9d000000                PROVIDE (__fini_array_start, .)
 *(SORT(.fini_array.*))
 *(.fini_array)
                0x9d000000                PROVIDE (__fini_array_end, .)
                0x9d000000                . = ALIGN (0x4)

.ctors          0x9d000000        0x0
 *crtbegin.o(.ctors)
 *crtbegin?.o(.ctors)
 *(EXCLUDE_FILE(*crtend?.o *crtend.o) .ctors)
 *(SORT(.ctors.*))
 *(.ctors)
                0x9d000000                . = ALIGN (0x4)

.dtors          0x9d000000        0x0
 *crtbegin.o(.dtors)
 *crtbegin?.o(.dtors)
 *(EXCLUDE_FILE(*crtend?.o *crtend.o) .dtors)
 *(SORT(.dtors.*))
 *(.dtors)
                0x9d000000                . = ALIGN (0x4)

.rodata         0x9d000000        0x0
 *(.gnu.linkonce.r.*)
 *(.rodata1)
                0x9d000000                . = ALIGN (0x4)

.sdata2         0x9fc00490        0x0
 *(.sdata2 .sdata2.* .gnu.linkonce.s2.*)
                0x9fc00490                . = ALIGN (0x4)

.sbss2          0x9fc00490        0x0
 *(.sbss2 .sbss2.* .gnu.linkonce.sb2.*)
                0x9fc00490                . = ALIGN (0x4)

.eh_frame_hdr
 *(.eh_frame_hdr)
                0x9fc00490                . = ALIGN (0x4)

.eh_frame
 *(.eh_frame)
                0x9fc00490                . = ALIGN (0x4)

.gcc_except_table
 *(.gcc_except_table .gcc_except_table.*)
                0x9fc00490                . = ALIGN (0x4)

.dbg_data       0xa0000000        0x0
                0xa0000000                . = (. + DEFINED (_DEBUGGER)?0x200:0x0)

.jcr            0xa0000000        0x0
 *(.jcr)
                0xa0000000                . = ALIGN (0x4)

.eh_frame
 *(.eh_frame)
                0xa0000000                . = ALIGN (0x4)

.gcc_except_table
 *(.gcc_except_table .gcc_except_table.*)
                0xa0000000                . = ALIGN (0x4)

.persist        0xa0000000        0x0
                0xa0000000                _persist_begin = .
 *(.persist .persist.*)
 *(.pbss .pbss.*)
                0xa0000000                . = ALIGN (0x4)
                0xa0000000                _persist_end = .

.data           0xa0000000        0x0
 *(.gnu.linkonce.d.*)
 *(.data1)
                0xa0000000                . = ALIGN (0x4)
                0xa0000000                . = .
                0xa0007ff0                _gp = (ALIGN (0x10) + 0x7ff0)

.got            0xa0000000        0x0
 *(.got.plt)
 *(.got)
                0xa0000000                . = ALIGN (0x4)

.sdata          0xa0000000       0x24
                0xa0000000                _sdata_begin = .
 *(.sdata .sdata.* .gnu.linkonce.s.*)
 .sdata         0xa0000000       0x10 build/my-uart-config/production/_ext/1360937237/coordinator.o
                0xa0000000                move
                0xa0000004                state
                0xa0000008                ir_1
                0xa000000c                ultrasonic
 .sdata         0xa0000010        0x4 build/my-uart-config/production/_ext/1360937237/sensor.o
                0xa0000010                latest
 .sdata         0xa0000014        0x4 build/my-uart-config/production/_ext/1360937237/motor_timer.o
                0xa0000014                first
 .sdata         0xa0000018        0x4 build/my-uart-config/production/_ext/12131622/port.o
                0xa0000018                uxInterruptNesting
 .sdata         0xa000001c        0x4 build/my-uart-config/production/_ext/1128951024/tasks.o
 .sdata         0xa0000020        0x4 c:/program files (x86)/microchip/xc32/v1.40/bin/bin/../../lib/gcc/pic32mx/4.8.3/../../../../pic32mx/lib\libpic32.a(xc32_uart.o)
                0xa0000020                __XC_UART
                0xa0000024                . = ALIGN (0x4)
                0xa0000024                _sdata_end = .

.lit8
 *(.lit8)

.lit4
 *(.lit4)
                0xa0000024                . = ALIGN (0x4)
                0xa0000024                _data_end = .
                0xa0000024                _bss_begin = .

.sbss           0xa0000024       0xd4
                0xa0000024                _sbss_begin = .
 *(.dynsbss)
 *(.sbss .sbss.* .gnu.linkonce.sb.*)
 .sbss          0xa0000024       0x24 build/my-uart-config/production/_ext/513330327/system_interrupt.o
                0xa0000028                frontDistance
                0xa000002c                leftDistance
                0xa0000030                rightDistance
                0xa0000034                frontTemp
                0xa0000038                leftTemp
                0xa000003c                rightTemp
                0xa0000040                counter
                0xa0000044                start
 .sbss          0xa0000048        0xc build/my-uart-config/production/_ext/513330327/system_exceptions.o
 .sbss          0xa0000054        0x4 build/my-uart-config/production/_ext/1360937237/coordinator.o
                0xa0000054                coordinator_queue1
 .sbss          0xa0000058        0x8 build/my-uart-config/production/_ext/1360937237/coordinator_timer1.o
 .sbss          0xa0000060        0x4 build/my-uart-config/production/_ext/1360937237/monitor.o
 .sbss          0xa0000064       0x10 build/my-uart-config/production/_ext/1360937237/motor.o
                0xa0000064                motor_queue1
                0xa0000068                motor_timer1
 .sbss          0xa0000074       0x14 build/my-uart-config/production/_ext/1360937237/sensor.o
                0xa0000074                sensor_queue1
                0xa0000078                sensor_timer1
                0xa0000080                i
                0xa0000084                j
 .sbss          0xa0000088        0x4 build/my-uart-config/production/_ext/1360937237/message.o
                0xa0000088                message_queue1
 .sbss          0xa000008c        0x8 build/my-uart-config/production/_ext/1360937237/sensor_timer1.o
                0xa0000090                counter1
 .sbss          0xa0000094        0x8 build/my-uart-config/production/_ext/1856876499/heap_1.o
 .sbss          0xa000009c        0x4 build/my-uart-config/production/_ext/12131622/port.o
                0xa000009c                uxSavedTaskStackPointer
 .sbss          0xa00000a0       0x34 build/my-uart-config/production/_ext/1128951024/tasks.o
                0xa00000a0                pxCurrentTCB
 .sbss          0xa00000d4       0x10 build/my-uart-config/production/_ext/1128951024/timers.o
 *(.scommon)
 .scommon       0xa00000e4        0x8 build/my-uart-config/production/_ext/513330327/system_init.o
                0xa00000e4                sysObj
 .scommon       0xa00000ec        0x4 build/my-uart-config/production/_ext/1360937237/monitor.o
                0xa00000ec                monitor_queue1
 .scommon       0xa00000f0        0x8 build/my-uart-config/production/_ext/1271179505/sys_devcon.o
                0xa00000f0                sysDevconObj
                0xa00000f8                _sbss_end = .
                0xa00000f8                . = ALIGN (0x4)

.bss            0xa00000f8       0x68
 *(.dynbss)
 *(COMMON)
 COMMON         0xa00000f8       0x17 build/my-uart-config/production/_ext/513330327/system_interrupt.o
                0xa00000f8                sensor_msg
                0xa0000104                message
 *fill*         0xa000010f        0x1 
 COMMON         0xa0000110       0x50 build/my-uart-config/production/_ext/1360937237/sensor.o
                0xa0000110                holder2
                0xa0000138                holder1
                0xa0000160                . = ALIGN ((. != 0x0)?0x4:0x1)
                0xa0000160                . = ALIGN (0x4)
                0xa0000160                _end = .
                0xa0000160                _bss_end = .
                0x00020000                _bmxdudba_address = 0x20000
                0x00020000                _bmxdupba_address = 0x20000

/DISCARD/
 *(.pdr)
 *(.rel.dyn)
 *(.note.GNU-stack)
 *(.note.GNU-stack)
 *(.gnu_debuglink)
 *(.gnu.lto_*)
 *(.discard)

.gptab.sdata
 *(.gptab.data)
 *(.gptab.sdata)

.gptab.sbss
 *(.gptab.bss)
 *(.gptab.sbss)

.mdebug.abi32   0xa0000160        0x0
 *(.mdebug.abi32)
 .mdebug.abi32  0xa0000160        0x0 build/my-uart-config/production/_ext/1444944969/drv_adc_static.o
 .mdebug.abi32  0xa0000160        0x0 build/my-uart-config/production/_ext/479494361/drv_oc_static.o
 .mdebug.abi32  0xa0000160        0x0 build/my-uart-config/production/_ext/1490729040/drv_tmr_static.o
 .mdebug.abi32  0xa0000160        0x0 build/my-uart-config/production/_ext/840685753/drv_usart_static.o
 .mdebug.abi32  0xa0000160        0x0 build/my-uart-config/production/_ext/556318272/sys_clk_static.o
 .mdebug.abi32  0xa0000160        0x0 build/my-uart-config/production/_ext/553332464/sys_ports_static.o
 .mdebug.abi32  0xa0000160        0x0 build/my-uart-config/production/_ext/513330327/system_init.o
 .mdebug.abi32  0xa0000160        0x0 build/my-uart-config/production/_ext/513330327/system_interrupt.o
 .mdebug.abi32  0xa0000160        0x0 build/my-uart-config/production/_ext/513330327/system_exceptions.o
 .mdebug.abi32  0xa0000160        0x0 build/my-uart-config/production/_ext/513330327/system_tasks.o
 .mdebug.abi32  0xa0000160        0x0 build/my-uart-config/production/_ext/513330327/rtos_hooks.o
 .mdebug.abi32  0xa0000160        0x0 build/my-uart-config/production/_ext/1360937237/main.o
 .mdebug.abi32  0xa0000160        0x0 build/my-uart-config/production/_ext/1360937237/debug.o
 .mdebug.abi32  0xa0000160        0x0 build/my-uart-config/production/_ext/1360937237/coordinator.o
 .mdebug.abi32  0xa0000160        0x0 build/my-uart-config/production/_ext/1360937237/coordinator_public.o
 .mdebug.abi32  0xa0000160        0x0 build/my-uart-config/production/_ext/1360937237/coordinator_timer1.o
 .mdebug.abi32  0xa0000160        0x0 build/my-uart-config/production/_ext/1360937237/monitor.o
 .mdebug.abi32  0xa0000160        0x0 build/my-uart-config/production/_ext/1360937237/motor.o
 .mdebug.abi32  0xa0000160        0x0 build/my-uart-config/production/_ext/1360937237/sensor.o
 .mdebug.abi32  0xa0000160        0x0 build/my-uart-config/production/_ext/1360937237/sensor_public.o
 .mdebug.abi32  0xa0000160        0x0 build/my-uart-config/production/_ext/1360937237/motor_public.o
 .mdebug.abi32  0xa0000160        0x0 build/my-uart-config/production/_ext/1360937237/monitor_public.o
 .mdebug.abi32  0xa0000160        0x0 build/my-uart-config/production/_ext/1360937237/message.o
 .mdebug.abi32  0xa0000160        0x0 build/my-uart-config/production/_ext/1360937237/message_public.o
 .mdebug.abi32  0xa0000160        0x0 build/my-uart-config/production/_ext/1360937237/sensor_timer1.o
 .mdebug.abi32  0xa0000160        0x0 build/my-uart-config/production/_ext/1360937237/motor_timer.o
 .mdebug.abi32  0xa0000160        0x0 build/my-uart-config/production/_ext/24337685/osal_freertos.o
 .mdebug.abi32  0xa0000160        0x0 build/my-uart-config/production/_ext/1271179505/sys_devcon.o
 .mdebug.abi32  0xa0000160        0x0 build/my-uart-config/production/_ext/1271179505/sys_devcon_pic32mx.o
 .mdebug.abi32  0xa0000160        0x0 build/my-uart-config/production/_ext/122796885/sys_int_pic32.o
 .mdebug.abi32  0xa0000160        0x0 build/my-uart-config/production/_ext/77319752/sys_ports.o
 .mdebug.abi32  0xa0000160        0x0 build/my-uart-config/production/_ext/1856876499/heap_1.o
 .mdebug.abi32  0xa0000160        0x0 build/my-uart-config/production/_ext/12131622/port.o
 .mdebug.abi32  0xa0000160        0x0 build/my-uart-config/production/_ext/1128951024/croutine.o
 .mdebug.abi32  0xa0000160        0x0 build/my-uart-config/production/_ext/1128951024/list.o
 .mdebug.abi32  0xa0000160        0x0 build/my-uart-config/production/_ext/1128951024/queue.o
 .mdebug.abi32  0xa0000160        0x0 build/my-uart-config/production/_ext/1128951024/tasks.o
 .mdebug.abi32  0xa0000160        0x0 build/my-uart-config/production/_ext/1128951024/timers.o
 .mdebug.abi32  0xa0000160        0x0 build/my-uart-config/production/_ext/1128951024/event_groups.o
 .mdebug.abi32  0xa0000160        0x0 c:/program files (x86)/microchip/xc32/v1.40/bin/bin/../../lib/gcc/pic32mx/4.8.3/../../../../pic32mx/lib\libpic32.a(default-bootstrap-exception-handler.o)
 .mdebug.abi32  0xa0000160        0x0 c:/program files (x86)/microchip/xc32/v1.40/bin/bin/../../lib/gcc/pic32mx/4.8.3/../../../../pic32mx/lib\libpic32.a(default-on-reset.o)
 .mdebug.abi32  0xa0000160        0x0 c:/program files (x86)/microchip/xc32/v1.40/bin/bin/../../lib/gcc/pic32mx/4.8.3/../../../../pic32mx/lib\libpic32.a(default-on-bootstrap.o)
 .mdebug.abi32  0xa0000160        0x0 c:/program files (x86)/microchip/xc32/v1.40/bin/bin/../../lib/gcc/pic32mx/4.8.3/../../../../pic32mx/lib\libpic32.a(defaultinterrupt.o)
 .mdebug.abi32  0xa0000160        0x0 c:/program files (x86)/microchip/xc32/v1.40/bin/bin/../../lib/gcc/pic32mx/4.8.3/../../../../pic32mx/lib\libc.a(rand.o)
 .mdebug.abi32  0xa0000160        0x0 c:/program files (x86)/microchip/xc32/v1.40/bin/bin/../../lib/gcc/pic32mx/4.8.3/../../../../pic32mx/lib\libc.a(sprintf_cdnopuxX.eo)
 .mdebug.abi32  0xa0000160        0x0 c:/program files (x86)/microchip/xc32/v1.40/bin/bin/../../lib/gcc/pic32mx/4.8.3/../../../../pic32mx/lib\libc.a(doprnt_cdnopuxX.eo)
 .mdebug.abi32  0xa0000160        0x0 c:/program files (x86)/microchip/xc32/v1.40/bin/bin/../../lib/gcc/pic32mx/4.8.3/../../../../pic32mx/lib\libc.a(_fputc_simple.o)
 .mdebug.abi32  0xa0000160        0x0 c:/program files (x86)/microchip/xc32/v1.40/bin/bin/../../lib/gcc/pic32mx/4.8.3/../../../../pic32mx/lib\libc.a(ctype.o)
 .mdebug.abi32  0xa0000160        0x0 c:/program files (x86)/microchip/xc32/v1.40/bin/bin/../../lib/gcc/pic32mx/4.8.3/../../../../pic32mx/lib\libc.a(_iob.o)
 .mdebug.abi32  0xa0000160        0x0 c:/program files (x86)/microchip/xc32/v1.40/bin/bin/../../lib/gcc/pic32mx/4.8.3/../../../../pic32mx/lib\libc.a(_flsbuf_simple.o)
 .mdebug.abi32  0xa0000160        0x0 c:/program files (x86)/microchip/xc32/v1.40/bin/bin/../../lib/gcc/pic32mx/4.8.3/../../../../pic32mx/lib\libpic32.a(write.o)
 .mdebug.abi32  0xa0000160        0x0 c:/program files (x86)/microchip/xc32/v1.40/bin/bin/../../lib/gcc/pic32mx/4.8.3/../../../../pic32mx/lib\libpic32.a(_mon_putc.o)
 .mdebug.abi32  0xa0000160        0x0 c:/program files (x86)/microchip/xc32/v1.40/bin/bin/../../lib/gcc/pic32mx/4.8.3/../../../../pic32mx/lib\libpic32.a(xc32_uart.o)
 .mdebug.abi32  0xa0000160        0x0 c:/program files (x86)/microchip/xc32/v1.40/bin/bin/../../lib/gcc/pic32mx/4.8.3\libgcc.a(_udivdi3.o)
 .mdebug.abi32  0xa0000160        0x0 c:/program files (x86)/microchip/xc32/v1.40/bin/bin/../../lib/gcc/pic32mx/4.8.3\libgcc.a(_umoddi3.o)

.mdebug.abiN32
 *(.mdebug.abiN32)

.mdebug.abi64
 *(.mdebug.abi64)

.mdebug.abiO64
 *(.mdebug.abiO64)

.mdebug.eabi32
 *(.mdebug.eabi32)

.mdebug.eabi64
 *(.mdebug.eabi64)

.gcc_compiled_long32
 *(.gcc_compiled_long32)

.gcc_compiled_long64
 *(.gcc_compiled_long64)

.stab
 *(.stab)

.stabstr
 *(.stabstr)

.stab.excl
 *(.stab.excl)

.stab.exclstr
 *(.stab.exclstr)

.stab.index
 *(.stab.index)

.stab.indexstr
 *(.stab.indexstr)

.comment        0x00000000       0xba
 *(.comment)
 .comment       0x00000000       0x3c build/my-uart-config/production/_ext/1444944969/drv_adc_static.o
                                 0x3d (size before relaxing)
 .comment       0x00000000       0x3d build/my-uart-config/production/_ext/479494361/drv_oc_static.o
 .comment       0x00000000       0x3d build/my-uart-config/production/_ext/1490729040/drv_tmr_static.o
 .comment       0x00000000       0x3d build/my-uart-config/production/_ext/840685753/drv_usart_static.o
 .comment       0x00000000       0x3d build/my-uart-config/production/_ext/556318272/sys_clk_static.o
 .comment       0x00000000       0x3d build/my-uart-config/production/_ext/553332464/sys_ports_static.o
 .comment       0x00000000       0x3d build/my-uart-config/production/_ext/513330327/system_init.o
 .comment       0x00000000       0x3d build/my-uart-config/production/_ext/513330327/system_interrupt.o
 .comment       0x00000000       0x3d build/my-uart-config/production/_ext/513330327/system_exceptions.o
 .comment       0x00000000       0x3d build/my-uart-config/production/_ext/513330327/system_tasks.o
 .comment       0x00000000       0x3d build/my-uart-config/production/_ext/513330327/rtos_hooks.o
 .comment       0x00000000       0x3d build/my-uart-config/production/_ext/1360937237/main.o
 .comment       0x00000000       0x3d build/my-uart-config/production/_ext/1360937237/debug.o
 .comment       0x00000000       0x3d build/my-uart-config/production/_ext/1360937237/coordinator.o
 .comment       0x00000000       0x3d build/my-uart-config/production/_ext/1360937237/coordinator_public.o
 .comment       0x00000000       0x3d build/my-uart-config/production/_ext/1360937237/coordinator_timer1.o
 .comment       0x00000000       0x3d build/my-uart-config/production/_ext/1360937237/monitor.o
 .comment       0x00000000       0x3d build/my-uart-config/production/_ext/1360937237/motor.o
 .comment       0x00000000       0x3d build/my-uart-config/production/_ext/1360937237/sensor.o
 .comment       0x00000000       0x3d build/my-uart-config/production/_ext/1360937237/sensor_public.o
 .comment       0x00000000       0x3d build/my-uart-config/production/_ext/1360937237/motor_public.o
 .comment       0x00000000       0x3d build/my-uart-config/production/_ext/1360937237/monitor_public.o
 .comment       0x00000000       0x3d build/my-uart-config/production/_ext/1360937237/message.o
 .comment       0x00000000       0x3d build/my-uart-config/production/_ext/1360937237/message_public.o
 .comment       0x00000000       0x3d build/my-uart-config/production/_ext/1360937237/sensor_timer1.o
 .comment       0x00000000       0x3d build/my-uart-config/production/_ext/1360937237/motor_timer.o
 .comment       0x00000000       0x3d build/my-uart-config/production/_ext/24337685/osal_freertos.o
 .comment       0x00000000       0x3d build/my-uart-config/production/_ext/1271179505/sys_devcon.o
 .comment       0x00000000       0x3d build/my-uart-config/production/_ext/1271179505/sys_devcon_pic32mx.o
 .comment       0x00000000       0x3d build/my-uart-config/production/_ext/122796885/sys_int_pic32.o
 .comment       0x00000000       0x3d build/my-uart-config/production/_ext/77319752/sys_ports.o
 .comment       0x00000000       0x3d build/my-uart-config/production/_ext/1856876499/heap_1.o
 .comment       0x00000000       0x3d build/my-uart-config/production/_ext/12131622/port.o
 .comment       0x00000000       0x3d build/my-uart-config/production/_ext/1128951024/croutine.o
 .comment       0x00000000       0x3d build/my-uart-config/production/_ext/1128951024/list.o
 .comment       0x00000000       0x3d build/my-uart-config/production/_ext/1128951024/queue.o
 .comment       0x00000000       0x3d build/my-uart-config/production/_ext/1128951024/tasks.o
 .comment       0x00000000       0x3d build/my-uart-config/production/_ext/1128951024/timers.o
 .comment       0x00000000       0x3d build/my-uart-config/production/_ext/1128951024/event_groups.o
 .comment       0x0000003c       0x18 c:/program files (x86)/microchip/xc32/v1.40/bin/bin/../../lib/gcc/pic32mx/4.8.3/../../../../pic32mx/lib\libpic32.a(memset.o)
                                 0x19 (size before relaxing)
 .comment       0x00000000       0x3d c:/program files (x86)/microchip/xc32/v1.40/bin/bin/../../lib/gcc/pic32mx/4.8.3/../../../../pic32mx/lib\libpic32.a(default-bootstrap-exception-handler.o)
 .comment       0x00000000       0x3d c:/program files (x86)/microchip/xc32/v1.40/bin/bin/../../lib/gcc/pic32mx/4.8.3/../../../../pic32mx/lib\libpic32.a(default-on-reset.o)
 .comment       0x00000000       0x3d c:/program files (x86)/microchip/xc32/v1.40/bin/bin/../../lib/gcc/pic32mx/4.8.3/../../../../pic32mx/lib\libpic32.a(default-on-bootstrap.o)
 .comment       0x00000054       0x18 c:/program files (x86)/microchip/xc32/v1.40/bin/bin/../../lib/gcc/pic32mx/4.8.3/../../../../pic32mx/lib\libpic32.a(memcmp.o)
                                 0x19 (size before relaxing)
 .comment       0x00000000       0x3d c:/program files (x86)/microchip/xc32/v1.40/bin/bin/../../lib/gcc/pic32mx/4.8.3/../../../../pic32mx/lib\libpic32.a(defaultinterrupt.o)
 .comment       0x00000000       0x3d c:/program files (x86)/microchip/xc32/v1.40/bin/bin/../../lib/gcc/pic32mx/4.8.3/../../../../pic32mx/lib\libc.a(rand.o)
 .comment       0x00000000       0x3d c:/program files (x86)/microchip/xc32/v1.40/bin/bin/../../lib/gcc/pic32mx/4.8.3/../../../../pic32mx/lib\libc.a(sprintf_cdnopuxX.eo)
 .comment       0x00000000       0x3d c:/program files (x86)/microchip/xc32/v1.40/bin/bin/../../lib/gcc/pic32mx/4.8.3/../../../../pic32mx/lib\libc.a(doprnt_cdnopuxX.eo)
 .comment       0x00000000       0x3d c:/program files (x86)/microchip/xc32/v1.40/bin/bin/../../lib/gcc/pic32mx/4.8.3/../../../../pic32mx/lib\libc.a(_fputc_simple.o)
 .comment       0x0000006c       0x4e c:/program files (x86)/microchip/xc32/v1.40/bin/bin/../../lib/gcc/pic32mx/4.8.3/../../../../pic32mx/lib\libc.a(ctype.o)
                                 0x8b (size before relaxing)
 .comment       0x00000000       0x3d c:/program files (x86)/microchip/xc32/v1.40/bin/bin/../../lib/gcc/pic32mx/4.8.3/../../../../pic32mx/lib\libc.a(_iob.o)
 .comment       0x00000000       0x3d c:/program files (x86)/microchip/xc32/v1.40/bin/bin/../../lib/gcc/pic32mx/4.8.3/../../../../pic32mx/lib\libc.a(_flsbuf_simple.o)
 .comment       0x00000000       0x3d c:/program files (x86)/microchip/xc32/v1.40/bin/bin/../../lib/gcc/pic32mx/4.8.3/../../../../pic32mx/lib\libpic32.a(write.o)
 .comment       0x00000000       0x3d c:/program files (x86)/microchip/xc32/v1.40/bin/bin/../../lib/gcc/pic32mx/4.8.3/../../../../pic32mx/lib\libpic32.a(_mon_putc.o)
 .comment       0x00000000       0x3d c:/program files (x86)/microchip/xc32/v1.40/bin/bin/../../lib/gcc/pic32mx/4.8.3/../../../../pic32mx/lib\libpic32.a(xc32_uart.o)
 .comment       0x00000000       0x3d c:/program files (x86)/microchip/xc32/v1.40/bin/bin/../../lib/gcc/pic32mx/4.8.3\libgcc.a(_udivdi3.o)
 .comment       0x00000000       0x3d c:/program files (x86)/microchip/xc32/v1.40/bin/bin/../../lib/gcc/pic32mx/4.8.3\libgcc.a(_umoddi3.o)

.debug
 *(.debug)

.line
 *(.line)

.debug_srcinfo
 *(.debug_srcinfo)

.debug_sfnames
 *(.debug_sfnames)

.debug_aranges  0x00000000      0xdc0
 *(.debug_aranges)
 .debug_aranges
                0x00000000       0x78 build/my-uart-config/production/_ext/1444944969/drv_adc_static.o
 .debug_aranges
                0x00000078       0xa8 build/my-uart-config/production/_ext/479494361/drv_oc_static.o
 .debug_aranges
                0x00000120       0x48 build/my-uart-config/production/_ext/1490729040/drv_tmr_static.o
 .debug_aranges
                0x00000168       0x38 build/my-uart-config/production/_ext/840685753/drv_usart_static.o
 .debug_aranges
                0x000001a0       0x38 build/my-uart-config/production/_ext/556318272/sys_clk_static.o
 .debug_aranges
                0x000001d8       0x20 build/my-uart-config/production/_ext/553332464/sys_ports_static.o
 .debug_aranges
                0x000001f8       0x20 build/my-uart-config/production/_ext/513330327/system_init.o
 .debug_aranges
                0x00000218       0x48 build/my-uart-config/production/_ext/513330327/system_interrupt.o
 .debug_aranges
                0x00000260       0x20 build/my-uart-config/production/_ext/513330327/system_exceptions.o
 .debug_aranges
                0x00000280       0x50 build/my-uart-config/production/_ext/513330327/system_tasks.o
 .debug_aranges
                0x000002d0       0x78 build/my-uart-config/production/_ext/513330327/system_interrupt_a.o
 .debug_aranges
                0x00000348       0x28 build/my-uart-config/production/_ext/513330327/rtos_hooks.o
 .debug_aranges
                0x00000370       0x20 build/my-uart-config/production/_ext/1360937237/main.o
 .debug_aranges
                0x00000390       0x28 build/my-uart-config/production/_ext/1360937237/debug.o
 .debug_aranges
                0x000003b8       0x60 build/my-uart-config/production/_ext/1360937237/coordinator.o
 .debug_aranges
                0x00000418       0x20 build/my-uart-config/production/_ext/1360937237/coordinator_public.o
 .debug_aranges
                0x00000438       0x20 build/my-uart-config/production/_ext/1360937237/coordinator_timer1.o
 .debug_aranges
                0x00000458       0x28 build/my-uart-config/production/_ext/1360937237/monitor.o
 .debug_aranges
                0x00000480       0x28 build/my-uart-config/production/_ext/1360937237/motor.o
 .debug_aranges
                0x000004a8       0x28 build/my-uart-config/production/_ext/1360937237/sensor.o
 .debug_aranges
                0x000004d0       0x28 build/my-uart-config/production/_ext/1360937237/sensor_public.o
 .debug_aranges
                0x000004f8       0x20 build/my-uart-config/production/_ext/1360937237/motor_public.o
 .debug_aranges
                0x00000518       0x20 build/my-uart-config/production/_ext/1360937237/monitor_public.o
 .debug_aranges
                0x00000538       0x28 build/my-uart-config/production/_ext/1360937237/message.o
 .debug_aranges
                0x00000560       0x20 build/my-uart-config/production/_ext/1360937237/message_public.o
 .debug_aranges
                0x00000580       0x20 build/my-uart-config/production/_ext/1360937237/sensor_timer1.o
 .debug_aranges
                0x000005a0       0x20 build/my-uart-config/production/_ext/1360937237/motor_timer.o
 .debug_aranges
                0x000005c0       0x88 build/my-uart-config/production/_ext/24337685/osal_freertos.o
 .debug_aranges
                0x00000648       0x78 build/my-uart-config/production/_ext/1271179505/sys_devcon.o
 .debug_aranges
                0x000006c0       0x20 build/my-uart-config/production/_ext/1271179505/sys_devcon_pic32mx.o
 .debug_aranges
                0x000006e0       0x48 build/my-uart-config/production/_ext/122796885/sys_int_pic32.o
 .debug_aranges
                0x00000728       0xf8 build/my-uart-config/production/_ext/77319752/sys_ports.o
 .debug_aranges
                0x00000820       0x38 build/my-uart-config/production/_ext/1856876499/heap_1.o
 .debug_aranges
                0x00000858       0x58 build/my-uart-config/production/_ext/12131622/port.o
 .debug_aranges
                0x000008b0       0x20 build/my-uart-config/production/_ext/12131622/port_asm.o
 .debug_aranges
                0x000008d0       0x18 build/my-uart-config/production/_ext/1128951024/croutine.o
 .debug_aranges
                0x000008e8       0x40 build/my-uart-config/production/_ext/1128951024/list.o
 .debug_aranges
                0x00000928       0xb8 build/my-uart-config/production/_ext/1128951024/queue.o
 .debug_aranges
                0x000009e0      0x168 build/my-uart-config/production/_ext/1128951024/tasks.o
 .debug_aranges
                0x00000b48       0x70 build/my-uart-config/production/_ext/1128951024/timers.o
 .debug_aranges
                0x00000bb8       0x60 build/my-uart-config/production/_ext/1128951024/event_groups.o
 .debug_aranges
                0x00000c18       0x20 c:/program files (x86)/microchip/xc32/v1.40/bin/bin/../../lib/gcc/pic32mx/4.8.3/../../../../pic32mx/lib\libpic32.a(default-bootstrap-exception-handler.o)
 .debug_aranges
                0x00000c38       0x20 c:/program files (x86)/microchip/xc32/v1.40/bin/bin/../../lib/gcc/pic32mx/4.8.3/../../../../pic32mx/lib\libpic32.a(default-on-reset.o)
 .debug_aranges
                0x00000c58       0x20 c:/program files (x86)/microchip/xc32/v1.40/bin/bin/../../lib/gcc/pic32mx/4.8.3/../../../../pic32mx/lib\libpic32.a(default-on-bootstrap.o)
 .debug_aranges
                0x00000c78       0x20 c:/program files (x86)/microchip/xc32/v1.40/bin/bin/../../lib/gcc/pic32mx/4.8.3/../../../../pic32mx/lib\libpic32.a(defaultinterrupt.o)
 .debug_aranges
                0x00000c98       0x28 c:/program files (x86)/microchip/xc32/v1.40/bin/bin/../../lib/gcc/pic32mx/4.8.3/../../../../pic32mx/lib\libc.a(rand.o)
 .debug_aranges
                0x00000cc0       0x20 c:/program files (x86)/microchip/xc32/v1.40/bin/bin/../../lib/gcc/pic32mx/4.8.3/../../../../pic32mx/lib\libc.a(sprintf_cdnopuxX.eo)
 .debug_aranges
                0x00000ce0       0x20 c:/program files (x86)/microchip/xc32/v1.40/bin/bin/../../lib/gcc/pic32mx/4.8.3/../../../../pic32mx/lib\libc.a(doprnt_cdnopuxX.eo)
 .debug_aranges
                0x00000d00       0x20 c:/program files (x86)/microchip/xc32/v1.40/bin/bin/../../lib/gcc/pic32mx/4.8.3/../../../../pic32mx/lib\libc.a(_fputc_simple.o)
 .debug_aranges
                0x00000d20       0x20 c:/program files (x86)/microchip/xc32/v1.40/bin/bin/../../lib/gcc/pic32mx/4.8.3/../../../../pic32mx/lib\libc.a(_flsbuf_simple.o)
 .debug_aranges
                0x00000d40       0x20 c:/program files (x86)/microchip/xc32/v1.40/bin/bin/../../lib/gcc/pic32mx/4.8.3/../../../../pic32mx/lib\libpic32.a(write.o)
 .debug_aranges
                0x00000d60       0x20 c:/program files (x86)/microchip/xc32/v1.40/bin/bin/../../lib/gcc/pic32mx/4.8.3/../../../../pic32mx/lib\libpic32.a(_mon_putc.o)
 .debug_aranges
                0x00000d80       0x20 c:/program files (x86)/microchip/xc32/v1.40/bin/bin/../../lib/gcc/pic32mx/4.8.3\libgcc.a(_udivdi3.o)
 .debug_aranges
                0x00000da0       0x20 c:/program files (x86)/microchip/xc32/v1.40/bin/bin/../../lib/gcc/pic32mx/4.8.3\libgcc.a(_umoddi3.o)

.debug_pubnames
 *(.debug_pubnames)

.debug_info     0x00000000    0x32045
 *(.debug_info .gnu.linkonce.wi.*)
 .debug_info    0x00000000     0x2dba build/my-uart-config/production/_ext/1444944969/drv_adc_static.o
 .debug_info    0x00002dba     0x1669 build/my-uart-config/production/_ext/479494361/drv_oc_static.o
 .debug_info    0x00004423     0x216b build/my-uart-config/production/_ext/1490729040/drv_tmr_static.o
 .debug_info    0x0000658e     0x354d build/my-uart-config/production/_ext/840685753/drv_usart_static.o
 .debug_info    0x00009adb     0x123b build/my-uart-config/production/_ext/556318272/sys_clk_static.o
 .debug_info    0x0000ad16     0x289b build/my-uart-config/production/_ext/553332464/sys_ports_static.o
 .debug_info    0x0000d5b1     0x1737 build/my-uart-config/production/_ext/513330327/system_init.o
 .debug_info    0x0000ece8     0x25d5 build/my-uart-config/production/_ext/513330327/system_interrupt.o
 .debug_info    0x000112bd     0x10ad build/my-uart-config/production/_ext/513330327/system_exceptions.o
 .debug_info    0x0001236a      0xe24 build/my-uart-config/production/_ext/513330327/system_tasks.o
 .debug_info    0x0001318e       0x97 build/my-uart-config/production/_ext/513330327/system_interrupt_a.o
 .debug_info    0x00013225      0x24d build/my-uart-config/production/_ext/513330327/rtos_hooks.o
 .debug_info    0x00013472      0x19e build/my-uart-config/production/_ext/1360937237/main.o
 .debug_info    0x00013610      0xc4e build/my-uart-config/production/_ext/1360937237/debug.o
 .debug_info    0x0001425e     0x16c4 build/my-uart-config/production/_ext/1360937237/coordinator.o
 .debug_info    0x00015922      0x9f9 build/my-uart-config/production/_ext/1360937237/coordinator_public.o
 .debug_info    0x0001631b     0x1075 build/my-uart-config/production/_ext/1360937237/coordinator_timer1.o
 .debug_info    0x00017390     0x124f build/my-uart-config/production/_ext/1360937237/monitor.o
 .debug_info    0x000185df     0x1f3b build/my-uart-config/production/_ext/1360937237/motor.o
 .debug_info    0x0001a51a     0x1677 build/my-uart-config/production/_ext/1360937237/sensor.o
 .debug_info    0x0001bb91      0xab1 build/my-uart-config/production/_ext/1360937237/sensor_public.o
 .debug_info    0x0001c642      0x9f3 build/my-uart-config/production/_ext/1360937237/motor_public.o
 .debug_info    0x0001d035      0xa05 build/my-uart-config/production/_ext/1360937237/monitor_public.o
 .debug_info    0x0001da3a     0x12a8 build/my-uart-config/production/_ext/1360937237/message.o
 .debug_info    0x0001ece2      0x9ee build/my-uart-config/production/_ext/1360937237/message_public.o
 .debug_info    0x0001f6d0     0x10d9 build/my-uart-config/production/_ext/1360937237/sensor_timer1.o
 .debug_info    0x000207a9     0x139e build/my-uart-config/production/_ext/1360937237/motor_timer.o
 .debug_info    0x00021b47      0xa7e build/my-uart-config/production/_ext/24337685/osal_freertos.o
 .debug_info    0x000225c5     0x1070 build/my-uart-config/production/_ext/1271179505/sys_devcon.o
 .debug_info    0x00023635      0xd47 build/my-uart-config/production/_ext/1271179505/sys_devcon_pic32mx.o
 .debug_info    0x0002437c     0x15ae build/my-uart-config/production/_ext/122796885/sys_int_pic32.o
 .debug_info    0x0002592a     0x3231 build/my-uart-config/production/_ext/77319752/sys_ports.o
 .debug_info    0x00028b5b      0x369 build/my-uart-config/production/_ext/1856876499/heap_1.o
 .debug_info    0x00028ec4     0x1192 build/my-uart-config/production/_ext/12131622/port.o
 .debug_info    0x0002a056       0xb1 build/my-uart-config/production/_ext/12131622/port_asm.o
 .debug_info    0x0002a107      0x163 build/my-uart-config/production/_ext/1128951024/croutine.o
 .debug_info    0x0002a26a      0x467 build/my-uart-config/production/_ext/1128951024/list.o
 .debug_info    0x0002a6d1     0x1818 build/my-uart-config/production/_ext/1128951024/queue.o
 .debug_info    0x0002bee9     0x2804 build/my-uart-config/production/_ext/1128951024/tasks.o
 .debug_info    0x0002e6ed     0x14eb build/my-uart-config/production/_ext/1128951024/timers.o
 .debug_info    0x0002fbd8      0xd35 build/my-uart-config/production/_ext/1128951024/event_groups.o
 .debug_info    0x0003090d       0xe3 c:/program files (x86)/microchip/xc32/v1.40/bin/bin/../../lib/gcc/pic32mx/4.8.3/../../../../pic32mx/lib\libpic32.a(default-bootstrap-exception-handler.o)
 .debug_info    0x000309f0       0xbd c:/program files (x86)/microchip/xc32/v1.40/bin/bin/../../lib/gcc/pic32mx/4.8.3/../../../../pic32mx/lib\libpic32.a(default-on-reset.o)
 .debug_info    0x00030aad       0xc5 c:/program files (x86)/microchip/xc32/v1.40/bin/bin/../../lib/gcc/pic32mx/4.8.3/../../../../pic32mx/lib\libpic32.a(default-on-bootstrap.o)
 .debug_info    0x00030b72       0xd7 c:/program files (x86)/microchip/xc32/v1.40/bin/bin/../../lib/gcc/pic32mx/4.8.3/../../../../pic32mx/lib\libpic32.a(defaultinterrupt.o)
 .debug_info    0x00030c49       0xcd c:/program files (x86)/microchip/xc32/v1.40/bin/bin/../../lib/gcc/pic32mx/4.8.3/../../../../pic32mx/lib\libc.a(rand.o)
 .debug_info    0x00030d16       0xc2 c:/program files (x86)/microchip/xc32/v1.40/bin/bin/../../lib/gcc/pic32mx/4.8.3/../../../../pic32mx/lib\libc.a(sprintf_cdnopuxX.eo)
 .debug_info    0x00030dd8       0xc3 c:/program files (x86)/microchip/xc32/v1.40/bin/bin/../../lib/gcc/pic32mx/4.8.3/../../../../pic32mx/lib\libc.a(doprnt_cdnopuxX.eo)
 .debug_info    0x00030e9b       0xb4 c:/program files (x86)/microchip/xc32/v1.40/bin/bin/../../lib/gcc/pic32mx/4.8.3/../../../../pic32mx/lib\libc.a(_fputc_simple.o)
 .debug_info    0x00030f4f       0xb7 c:/program files (x86)/microchip/xc32/v1.40/bin/bin/../../lib/gcc/pic32mx/4.8.3/../../../../pic32mx/lib\libc.a(_flsbuf_simple.o)
 .debug_info    0x00031006       0xae c:/program files (x86)/microchip/xc32/v1.40/bin/bin/../../lib/gcc/pic32mx/4.8.3/../../../../pic32mx/lib\libpic32.a(write.o)
 .debug_info    0x000310b4       0xb6 c:/program files (x86)/microchip/xc32/v1.40/bin/bin/../../lib/gcc/pic32mx/4.8.3/../../../../pic32mx/lib\libpic32.a(_mon_putc.o)
 .debug_info    0x0003116a      0x74f c:/program files (x86)/microchip/xc32/v1.40/bin/bin/../../lib/gcc/pic32mx/4.8.3\libgcc.a(_udivdi3.o)
 .debug_info    0x000318b9      0x78c c:/program files (x86)/microchip/xc32/v1.40/bin/bin/../../lib/gcc/pic32mx/4.8.3\libgcc.a(_umoddi3.o)

.debug_abbrev   0x00000000     0x43ea
 *(.debug_abbrev)
 .debug_abbrev  0x00000000      0x1c5 build/my-uart-config/production/_ext/1444944969/drv_adc_static.o
 .debug_abbrev  0x000001c5      0x157 build/my-uart-config/production/_ext/479494361/drv_oc_static.o
 .debug_abbrev  0x0000031c      0x1bc build/my-uart-config/production/_ext/1490729040/drv_tmr_static.o
 .debug_abbrev  0x000004d8      0x206 build/my-uart-config/production/_ext/840685753/drv_usart_static.o
 .debug_abbrev  0x000006de      0x209 build/my-uart-config/production/_ext/556318272/sys_clk_static.o
 .debug_abbrev  0x000008e7      0x189 build/my-uart-config/production/_ext/553332464/sys_ports_static.o
 .debug_abbrev  0x00000a70      0x1ee build/my-uart-config/production/_ext/513330327/system_init.o
 .debug_abbrev  0x00000c5e      0x22a build/my-uart-config/production/_ext/513330327/system_interrupt.o
 .debug_abbrev  0x00000e88       0xa2 build/my-uart-config/production/_ext/513330327/system_exceptions.o
 .debug_abbrev  0x00000f2a      0x149 build/my-uart-config/production/_ext/513330327/system_tasks.o
 .debug_abbrev  0x00001073       0x12 build/my-uart-config/production/_ext/513330327/system_interrupt_a.o
 .debug_abbrev  0x00001085       0x97 build/my-uart-config/production/_ext/513330327/rtos_hooks.o
 .debug_abbrev  0x0000111c       0x93 build/my-uart-config/production/_ext/1360937237/main.o
 .debug_abbrev  0x000011af      0x19b build/my-uart-config/production/_ext/1360937237/debug.o
 .debug_abbrev  0x0000134a      0x1cb build/my-uart-config/production/_ext/1360937237/coordinator.o
 .debug_abbrev  0x00001515       0xed build/my-uart-config/production/_ext/1360937237/coordinator_public.o
 .debug_abbrev  0x00001602       0xac build/my-uart-config/production/_ext/1360937237/coordinator_timer1.o
 .debug_abbrev  0x000016ae      0x159 build/my-uart-config/production/_ext/1360937237/monitor.o
 .debug_abbrev  0x00001807      0x241 build/my-uart-config/production/_ext/1360937237/motor.o
 .debug_abbrev  0x00001a48      0x1ee build/my-uart-config/production/_ext/1360937237/sensor.o
 .debug_abbrev  0x00001c36      0x10f build/my-uart-config/production/_ext/1360937237/sensor_public.o
 .debug_abbrev  0x00001d45       0xed build/my-uart-config/production/_ext/1360937237/motor_public.o
 .debug_abbrev  0x00001e32      0x126 build/my-uart-config/production/_ext/1360937237/monitor_public.o
 .debug_abbrev  0x00001f58      0x14e build/my-uart-config/production/_ext/1360937237/message.o
 .debug_abbrev  0x000020a6       0xff build/my-uart-config/production/_ext/1360937237/message_public.o
 .debug_abbrev  0x000021a5      0x115 build/my-uart-config/production/_ext/1360937237/sensor_timer1.o
 .debug_abbrev  0x000022ba      0x1d3 build/my-uart-config/production/_ext/1360937237/motor_timer.o
 .debug_abbrev  0x0000248d      0x1fe build/my-uart-config/production/_ext/24337685/osal_freertos.o
 .debug_abbrev  0x0000268b      0x26d build/my-uart-config/production/_ext/1271179505/sys_devcon.o
 .debug_abbrev  0x000028f8      0x16d build/my-uart-config/production/_ext/1271179505/sys_devcon_pic32mx.o
 .debug_abbrev  0x00002a65      0x1d0 build/my-uart-config/production/_ext/122796885/sys_int_pic32.o
 .debug_abbrev  0x00002c35      0x219 build/my-uart-config/production/_ext/77319752/sys_ports.o
 .debug_abbrev  0x00002e4e      0x13f build/my-uart-config/production/_ext/1856876499/heap_1.o
 .debug_abbrev  0x00002f8d      0x2cf build/my-uart-config/production/_ext/12131622/port.o
 .debug_abbrev  0x0000325c       0x14 build/my-uart-config/production/_ext/12131622/port_asm.o
 .debug_abbrev  0x00003270       0x1b build/my-uart-config/production/_ext/1128951024/croutine.o
 .debug_abbrev  0x0000328b       0xf1 build/my-uart-config/production/_ext/1128951024/list.o
 .debug_abbrev  0x0000337c      0x2c4 build/my-uart-config/production/_ext/1128951024/queue.o
 .debug_abbrev  0x00003640      0x383 build/my-uart-config/production/_ext/1128951024/tasks.o
 .debug_abbrev  0x000039c3      0x337 build/my-uart-config/production/_ext/1128951024/timers.o
 .debug_abbrev  0x00003cfa      0x29a build/my-uart-config/production/_ext/1128951024/event_groups.o
 .debug_abbrev  0x00003f94       0x28 c:/program files (x86)/microchip/xc32/v1.40/bin/bin/../../lib/gcc/pic32mx/4.8.3/../../../../pic32mx/lib\libpic32.a(default-bootstrap-exception-handler.o)
 .debug_abbrev  0x00003fbc       0x28 c:/program files (x86)/microchip/xc32/v1.40/bin/bin/../../lib/gcc/pic32mx/4.8.3/../../../../pic32mx/lib\libpic32.a(default-on-reset.o)
 .debug_abbrev  0x00003fe4       0x28 c:/program files (x86)/microchip/xc32/v1.40/bin/bin/../../lib/gcc/pic32mx/4.8.3/../../../../pic32mx/lib\libpic32.a(default-on-bootstrap.o)
 .debug_abbrev  0x0000400c       0x28 c:/program files (x86)/microchip/xc32/v1.40/bin/bin/../../lib/gcc/pic32mx/4.8.3/../../../../pic32mx/lib\libpic32.a(defaultinterrupt.o)
 .debug_abbrev  0x00004034       0x47 c:/program files (x86)/microchip/xc32/v1.40/bin/bin/../../lib/gcc/pic32mx/4.8.3/../../../../pic32mx/lib\libc.a(rand.o)
 .debug_abbrev  0x0000407b       0x28 c:/program files (x86)/microchip/xc32/v1.40/bin/bin/../../lib/gcc/pic32mx/4.8.3/../../../../pic32mx/lib\libc.a(sprintf_cdnopuxX.eo)
 .debug_abbrev  0x000040a3       0x28 c:/program files (x86)/microchip/xc32/v1.40/bin/bin/../../lib/gcc/pic32mx/4.8.3/../../../../pic32mx/lib\libc.a(doprnt_cdnopuxX.eo)
 .debug_abbrev  0x000040cb       0x28 c:/program files (x86)/microchip/xc32/v1.40/bin/bin/../../lib/gcc/pic32mx/4.8.3/../../../../pic32mx/lib\libc.a(_fputc_simple.o)
 .debug_abbrev  0x000040f3       0x28 c:/program files (x86)/microchip/xc32/v1.40/bin/bin/../../lib/gcc/pic32mx/4.8.3/../../../../pic32mx/lib\libc.a(_flsbuf_simple.o)
 .debug_abbrev  0x0000411b       0x28 c:/program files (x86)/microchip/xc32/v1.40/bin/bin/../../lib/gcc/pic32mx/4.8.3/../../../../pic32mx/lib\libpic32.a(write.o)
 .debug_abbrev  0x00004143       0x28 c:/program files (x86)/microchip/xc32/v1.40/bin/bin/../../lib/gcc/pic32mx/4.8.3/../../../../pic32mx/lib\libpic32.a(_mon_putc.o)
 .debug_abbrev  0x0000416b      0x138 c:/program files (x86)/microchip/xc32/v1.40/bin/bin/../../lib/gcc/pic32mx/4.8.3\libgcc.a(_udivdi3.o)
 .debug_abbrev  0x000042a3      0x147 c:/program files (x86)/microchip/xc32/v1.40/bin/bin/../../lib/gcc/pic32mx/4.8.3\libgcc.a(_umoddi3.o)

.debug_line     0x00000000     0x8f5d
 *(.debug_line)
 .debug_line    0x00000000      0x6d1 build/my-uart-config/production/_ext/1444944969/drv_adc_static.o
 .debug_line    0x000006d1      0x4c8 build/my-uart-config/production/_ext/479494361/drv_oc_static.o
 .debug_line    0x00000b99      0x468 build/my-uart-config/production/_ext/1490729040/drv_tmr_static.o
 .debug_line    0x00001001      0x63a build/my-uart-config/production/_ext/840685753/drv_usart_static.o
 .debug_line    0x0000163b      0x376 build/my-uart-config/production/_ext/556318272/sys_clk_static.o
 .debug_line    0x000019b1      0x4d4 build/my-uart-config/production/_ext/553332464/sys_ports_static.o
 .debug_line    0x00001e85      0x5a9 build/my-uart-config/production/_ext/513330327/system_init.o
 .debug_line    0x0000242e      0x5b5 build/my-uart-config/production/_ext/513330327/system_interrupt.o
 .debug_line    0x000029e3      0x140 build/my-uart-config/production/_ext/513330327/system_exceptions.o
 .debug_line    0x00002b23      0x381 build/my-uart-config/production/_ext/513330327/system_tasks.o
 .debug_line    0x00002ea4      0x154 build/my-uart-config/production/_ext/513330327/system_interrupt_a.o
 .debug_line    0x00002ff8      0x141 build/my-uart-config/production/_ext/513330327/rtos_hooks.o
 .debug_line    0x00003139       0xaf build/my-uart-config/production/_ext/1360937237/main.o
 .debug_line    0x000031e8      0x320 build/my-uart-config/production/_ext/1360937237/debug.o
 .debug_line    0x00003508      0x383 build/my-uart-config/production/_ext/1360937237/coordinator.o
 .debug_line    0x0000388b      0x1e9 build/my-uart-config/production/_ext/1360937237/coordinator_public.o
 .debug_line    0x00003a74      0x174 build/my-uart-config/production/_ext/1360937237/coordinator_timer1.o
 .debug_line    0x00003be8      0x2c1 build/my-uart-config/production/_ext/1360937237/monitor.o
 .debug_line    0x00003ea9      0x44e build/my-uart-config/production/_ext/1360937237/motor.o
 .debug_line    0x000042f7      0x369 build/my-uart-config/production/_ext/1360937237/sensor.o
 .debug_line    0x00004660      0x1ee build/my-uart-config/production/_ext/1360937237/sensor_public.o
 .debug_line    0x0000484e      0x1db build/my-uart-config/production/_ext/1360937237/motor_public.o
 .debug_line    0x00004a29      0x1e6 build/my-uart-config/production/_ext/1360937237/monitor_public.o
 .debug_line    0x00004c0f      0x25f build/my-uart-config/production/_ext/1360937237/message.o
 .debug_line    0x00004e6e      0x18c build/my-uart-config/production/_ext/1360937237/message_public.o
 .debug_line    0x00004ffa      0x1b6 build/my-uart-config/production/_ext/1360937237/sensor_timer1.o
 .debug_line    0x000051b0      0x330 build/my-uart-config/production/_ext/1360937237/motor_timer.o
 .debug_line    0x000054e0      0x2b9 build/my-uart-config/production/_ext/24337685/osal_freertos.o
 .debug_line    0x00005799      0x5c6 build/my-uart-config/production/_ext/1271179505/sys_devcon.o
 .debug_line    0x00005d5f      0x471 build/my-uart-config/production/_ext/1271179505/sys_devcon_pic32mx.o
 .debug_line    0x000061d0      0x38c build/my-uart-config/production/_ext/122796885/sys_int_pic32.o
 .debug_line    0x0000655c      0x870 build/my-uart-config/production/_ext/77319752/sys_ports.o
 .debug_line    0x00006dcc      0x217 build/my-uart-config/production/_ext/1856876499/heap_1.o
 .debug_line    0x00006fe3      0x23a build/my-uart-config/production/_ext/12131622/port.o
 .debug_line    0x0000721d      0x102 build/my-uart-config/production/_ext/12131622/port_asm.o
 .debug_line    0x0000731f       0x1d build/my-uart-config/production/_ext/1128951024/croutine.o
 .debug_line    0x0000733c      0x1dc build/my-uart-config/production/_ext/1128951024/list.o
 .debug_line    0x00007518      0x4a2 build/my-uart-config/production/_ext/1128951024/queue.o
 .debug_line    0x000079ba      0x7ac build/my-uart-config/production/_ext/1128951024/tasks.o
 .debug_line    0x00008166      0x38d build/my-uart-config/production/_ext/1128951024/timers.o
 .debug_line    0x000084f3      0x321 build/my-uart-config/production/_ext/1128951024/event_groups.o
 .debug_line    0x00008814       0x97 c:/program files (x86)/microchip/xc32/v1.40/bin/bin/../../lib/gcc/pic32mx/4.8.3/../../../../pic32mx/lib\libpic32.a(default-bootstrap-exception-handler.o)
 .debug_line    0x000088ab       0x84 c:/program files (x86)/microchip/xc32/v1.40/bin/bin/../../lib/gcc/pic32mx/4.8.3/../../../../pic32mx/lib\libpic32.a(default-on-reset.o)
 .debug_line    0x0000892f       0x88 c:/program files (x86)/microchip/xc32/v1.40/bin/bin/../../lib/gcc/pic32mx/4.8.3/../../../../pic32mx/lib\libpic32.a(default-on-bootstrap.o)
 .debug_line    0x000089b7       0x96 c:/program files (x86)/microchip/xc32/v1.40/bin/bin/../../lib/gcc/pic32mx/4.8.3/../../../../pic32mx/lib\libpic32.a(defaultinterrupt.o)
 .debug_line    0x00008a4d       0x6e c:/program files (x86)/microchip/xc32/v1.40/bin/bin/../../lib/gcc/pic32mx/4.8.3/../../../../pic32mx/lib\libc.a(rand.o)
 .debug_line    0x00008abb       0x71 c:/program files (x86)/microchip/xc32/v1.40/bin/bin/../../lib/gcc/pic32mx/4.8.3/../../../../pic32mx/lib\libc.a(sprintf_cdnopuxX.eo)
 .debug_line    0x00008b2c       0x70 c:/program files (x86)/microchip/xc32/v1.40/bin/bin/../../lib/gcc/pic32mx/4.8.3/../../../../pic32mx/lib\libc.a(doprnt_cdnopuxX.eo)
 .debug_line    0x00008b9c       0x6f c:/program files (x86)/microchip/xc32/v1.40/bin/bin/../../lib/gcc/pic32mx/4.8.3/../../../../pic32mx/lib\libc.a(_fputc_simple.o)
 .debug_line    0x00008c0b        0x0 c:/program files (x86)/microchip/xc32/v1.40/bin/bin/../../lib/gcc/pic32mx/4.8.3/../../../../pic32mx/lib\libc.a(ctype.o)
 .debug_line    0x00008c0b        0x0 c:/program files (x86)/microchip/xc32/v1.40/bin/bin/../../lib/gcc/pic32mx/4.8.3/../../../../pic32mx/lib\libc.a(_iob.o)
 .debug_line    0x00008c0b       0x70 c:/program files (x86)/microchip/xc32/v1.40/bin/bin/../../lib/gcc/pic32mx/4.8.3/../../../../pic32mx/lib\libc.a(_flsbuf_simple.o)
 .debug_line    0x00008c7b       0x79 c:/program files (x86)/microchip/xc32/v1.40/bin/bin/../../lib/gcc/pic32mx/4.8.3/../../../../pic32mx/lib\libpic32.a(write.o)
 .debug_line    0x00008cf4       0x7d c:/program files (x86)/microchip/xc32/v1.40/bin/bin/../../lib/gcc/pic32mx/4.8.3/../../../../pic32mx/lib\libpic32.a(_mon_putc.o)
 .debug_line    0x00008d71        0x0 c:/program files (x86)/microchip/xc32/v1.40/bin/bin/../../lib/gcc/pic32mx/4.8.3/../../../../pic32mx/lib\libpic32.a(xc32_uart.o)
 .debug_line    0x00008d71       0xed c:/program files (x86)/microchip/xc32/v1.40/bin/bin/../../lib/gcc/pic32mx/4.8.3\libgcc.a(_udivdi3.o)
 .debug_line    0x00008e5e       0xff c:/program files (x86)/microchip/xc32/v1.40/bin/bin/../../lib/gcc/pic32mx/4.8.3\libgcc.a(_umoddi3.o)

.debug_frame    0x00000000     0x19a4
 *(.debug_frame)
 .debug_frame   0x00000000       0xd0 build/my-uart-config/production/_ext/1444944969/drv_adc_static.o
 .debug_frame   0x000000d0      0x130 build/my-uart-config/production/_ext/479494361/drv_oc_static.o
 .debug_frame   0x00000200       0x70 build/my-uart-config/production/_ext/1490729040/drv_tmr_static.o
 .debug_frame   0x00000270       0x58 build/my-uart-config/production/_ext/840685753/drv_usart_static.o
 .debug_frame   0x000002c8       0x58 build/my-uart-config/production/_ext/556318272/sys_clk_static.o
 .debug_frame   0x00000320       0x20 build/my-uart-config/production/_ext/553332464/sys_ports_static.o
 .debug_frame   0x00000340       0x28 build/my-uart-config/production/_ext/513330327/system_init.o
 .debug_frame   0x00000368       0x88 build/my-uart-config/production/_ext/513330327/system_interrupt.o
 .debug_frame   0x000003f0       0x28 build/my-uart-config/production/_ext/513330327/system_exceptions.o
 .debug_frame   0x00000418       0xb8 build/my-uart-config/production/_ext/513330327/system_tasks.o
 .debug_frame   0x000004d0       0x40 build/my-uart-config/production/_ext/513330327/rtos_hooks.o
 .debug_frame   0x00000510       0x28 build/my-uart-config/production/_ext/1360937237/main.o
 .debug_frame   0x00000538       0x38 build/my-uart-config/production/_ext/1360937237/debug.o
 .debug_frame   0x00000570       0xf0 build/my-uart-config/production/_ext/1360937237/coordinator.o
 .debug_frame   0x00000660       0x28 build/my-uart-config/production/_ext/1360937237/coordinator_public.o
 .debug_frame   0x00000688       0x20 build/my-uart-config/production/_ext/1360937237/coordinator_timer1.o
 .debug_frame   0x000006a8       0x44 build/my-uart-config/production/_ext/1360937237/monitor.o
 .debug_frame   0x000006ec       0x50 build/my-uart-config/production/_ext/1360937237/motor.o
 .debug_frame   0x0000073c       0x4c build/my-uart-config/production/_ext/1360937237/sensor.o
 .debug_frame   0x00000788       0x40 build/my-uart-config/production/_ext/1360937237/sensor_public.o
 .debug_frame   0x000007c8       0x28 build/my-uart-config/production/_ext/1360937237/motor_public.o
 .debug_frame   0x000007f0       0x28 build/my-uart-config/production/_ext/1360937237/monitor_public.o
 .debug_frame   0x00000818       0x40 build/my-uart-config/production/_ext/1360937237/message.o
 .debug_frame   0x00000858       0x28 build/my-uart-config/production/_ext/1360937237/message_public.o
 .debug_frame   0x00000880       0x28 build/my-uart-config/production/_ext/1360937237/sensor_timer1.o
 .debug_frame   0x000008a8       0x28 build/my-uart-config/production/_ext/1360937237/motor_timer.o
 .debug_frame   0x000008d0      0x150 build/my-uart-config/production/_ext/24337685/osal_freertos.o
 .debug_frame   0x00000a20       0xe8 build/my-uart-config/production/_ext/1271179505/sys_devcon.o
 .debug_frame   0x00000b08       0x28 build/my-uart-config/production/_ext/1271179505/sys_devcon_pic32mx.o
 .debug_frame   0x00000b30       0x90 build/my-uart-config/production/_ext/122796885/sys_int_pic32.o
 .debug_frame   0x00000bc0      0x1d0 build/my-uart-config/production/_ext/77319752/sys_ports.o
 .debug_frame   0x00000d90       0x5c build/my-uart-config/production/_ext/1856876499/heap_1.o
 .debug_frame   0x00000dec       0xc0 build/my-uart-config/production/_ext/12131622/port.o
 .debug_frame   0x00000eac       0x60 build/my-uart-config/production/_ext/1128951024/list.o
 .debug_frame   0x00000f0c      0x230 build/my-uart-config/production/_ext/1128951024/queue.o
 .debug_frame   0x0000113c      0x41c build/my-uart-config/production/_ext/1128951024/tasks.o
 .debug_frame   0x00001558      0x134 build/my-uart-config/production/_ext/1128951024/timers.o
 .debug_frame   0x0000168c      0x108 build/my-uart-config/production/_ext/1128951024/event_groups.o
 .debug_frame   0x00001794       0x2c c:/program files (x86)/microchip/xc32/v1.40/bin/bin/../../lib/gcc/pic32mx/4.8.3/../../../../pic32mx/lib\libpic32.a(default-bootstrap-exception-handler.o)
 .debug_frame   0x000017c0       0x20 c:/program files (x86)/microchip/xc32/v1.40/bin/bin/../../lib/gcc/pic32mx/4.8.3/../../../../pic32mx/lib\libpic32.a(default-on-reset.o)
 .debug_frame   0x000017e0       0x20 c:/program files (x86)/microchip/xc32/v1.40/bin/bin/../../lib/gcc/pic32mx/4.8.3/../../../../pic32mx/lib\libpic32.a(default-on-bootstrap.o)
 .debug_frame   0x00001800       0x20 c:/program files (x86)/microchip/xc32/v1.40/bin/bin/../../lib/gcc/pic32mx/4.8.3/../../../../pic32mx/lib\libpic32.a(defaultinterrupt.o)
 .debug_frame   0x00001820       0x30 c:/program files (x86)/microchip/xc32/v1.40/bin/bin/../../lib/gcc/pic32mx/4.8.3/../../../../pic32mx/lib\libc.a(rand.o)
 .debug_frame   0x00001850       0x28 c:/program files (x86)/microchip/xc32/v1.40/bin/bin/../../lib/gcc/pic32mx/4.8.3/../../../../pic32mx/lib\libc.a(sprintf_cdnopuxX.eo)
 .debug_frame   0x00001878       0x38 c:/program files (x86)/microchip/xc32/v1.40/bin/bin/../../lib/gcc/pic32mx/4.8.3/../../../../pic32mx/lib\libc.a(doprnt_cdnopuxX.eo)
 .debug_frame   0x000018b0       0x2c c:/program files (x86)/microchip/xc32/v1.40/bin/bin/../../lib/gcc/pic32mx/4.8.3/../../../../pic32mx/lib\libc.a(_fputc_simple.o)
 .debug_frame   0x000018dc       0x28 c:/program files (x86)/microchip/xc32/v1.40/bin/bin/../../lib/gcc/pic32mx/4.8.3/../../../../pic32mx/lib\libc.a(_flsbuf_simple.o)
 .debug_frame   0x00001904       0x38 c:/program files (x86)/microchip/xc32/v1.40/bin/bin/../../lib/gcc/pic32mx/4.8.3/../../../../pic32mx/lib\libpic32.a(write.o)
 .debug_frame   0x0000193c       0x28 c:/program files (x86)/microchip/xc32/v1.40/bin/bin/../../lib/gcc/pic32mx/4.8.3/../../../../pic32mx/lib\libpic32.a(_mon_putc.o)
 .debug_frame   0x00001964       0x20 c:/program files (x86)/microchip/xc32/v1.40/bin/bin/../../lib/gcc/pic32mx/4.8.3\libgcc.a(_udivdi3.o)
 .debug_frame   0x00001984       0x20 c:/program files (x86)/microchip/xc32/v1.40/bin/bin/../../lib/gcc/pic32mx/4.8.3\libgcc.a(_umoddi3.o)

.debug_str      0x00000000      0x7e8
 *(.debug_str)
 .debug_str     0x00000000       0x69 build/my-uart-config/production/_ext/1444944969/drv_adc_static.o
 .debug_str     0x00000069       0x1a build/my-uart-config/production/_ext/479494361/drv_oc_static.o
 .debug_str     0x00000083       0x3b build/my-uart-config/production/_ext/1490729040/drv_tmr_static.o
 .debug_str     0x000000be       0x88 build/my-uart-config/production/_ext/840685753/drv_usart_static.o
 .debug_str     0x00000146       0x39 build/my-uart-config/production/_ext/556318272/sys_clk_static.o
 .debug_str     0x0000017f       0x46 build/my-uart-config/production/_ext/553332464/sys_ports_static.o
 .debug_str     0x000001c5        0xb build/my-uart-config/production/_ext/513330327/system_init.o
 .debug_str     0x000001d0        0xd build/my-uart-config/production/_ext/513330327/system_interrupt.o
 .debug_str     0x000001dd        0x0 build/my-uart-config/production/_ext/513330327/system_exceptions.o
 .debug_str     0x000001dd        0x0 build/my-uart-config/production/_ext/513330327/system_tasks.o
 .debug_str     0x000001dd        0x9 build/my-uart-config/production/_ext/513330327/rtos_hooks.o
 .debug_str     0x000001e6        0x0 build/my-uart-config/production/_ext/1360937237/main.o
 .debug_str     0x000001e6        0x0 build/my-uart-config/production/_ext/1360937237/debug.o
 .debug_str     0x000001e6        0xf build/my-uart-config/production/_ext/1360937237/coordinator.o
 .debug_str     0x000001f5        0x0 build/my-uart-config/production/_ext/1360937237/coordinator_public.o
 .debug_str     0x000001f5        0x0 build/my-uart-config/production/_ext/1360937237/coordinator_timer1.o
 .debug_str     0x000001f5        0x0 build/my-uart-config/production/_ext/1360937237/monitor.o
 .debug_str     0x000001f5       0x1d build/my-uart-config/production/_ext/1360937237/motor.o
 .debug_str     0x00000212       0x1a build/my-uart-config/production/_ext/1360937237/sensor.o
 .debug_str     0x0000022c        0xf build/my-uart-config/production/_ext/1360937237/sensor_public.o
 .debug_str     0x0000023b        0x0 build/my-uart-config/production/_ext/1360937237/motor_public.o
 .debug_str     0x0000023b        0x0 build/my-uart-config/production/_ext/1360937237/monitor_public.o
 .debug_str     0x0000023b        0x0 build/my-uart-config/production/_ext/1360937237/message.o
 .debug_str     0x0000023b        0x0 build/my-uart-config/production/_ext/1360937237/message_public.o
 .debug_str     0x0000023b        0x0 build/my-uart-config/production/_ext/1360937237/sensor_timer1.o
 .debug_str     0x0000023b       0x13 build/my-uart-config/production/_ext/1360937237/motor_timer.o
 .debug_str     0x0000024e       0x40 build/my-uart-config/production/_ext/24337685/osal_freertos.o
 .debug_str     0x0000028e       0x16 build/my-uart-config/production/_ext/1271179505/sys_devcon.o
 .debug_str     0x000002a4        0x6 build/my-uart-config/production/_ext/1271179505/sys_devcon_pic32mx.o
 .debug_str     0x000002aa       0x2d build/my-uart-config/production/_ext/122796885/sys_int_pic32.o
 .debug_str     0x000002d7       0x98 build/my-uart-config/production/_ext/77319752/sys_ports.o
 .debug_str     0x0000036f       0x1d build/my-uart-config/production/_ext/1856876499/heap_1.o
 .debug_str     0x0000038c       0x37 build/my-uart-config/production/_ext/12131622/port.o
 .debug_str     0x000003c3        0x0 build/my-uart-config/production/_ext/1128951024/croutine.o
 .debug_str     0x000003c3       0x2b build/my-uart-config/production/_ext/1128951024/list.o
 .debug_str     0x000003ee       0xf1 build/my-uart-config/production/_ext/1128951024/queue.o
 .debug_str     0x000004df      0x164 build/my-uart-config/production/_ext/1128951024/tasks.o
 .debug_str     0x00000643       0xbf build/my-uart-config/production/_ext/1128951024/timers.o
 .debug_str     0x00000702       0xe6 build/my-uart-config/production/_ext/1128951024/event_groups.o
 .debug_str     0x000007e8        0x0 c:/program files (x86)/microchip/xc32/v1.40/bin/bin/../../lib/gcc/pic32mx/4.8.3/../../../../pic32mx/lib\libpic32.a(default-bootstrap-exception-handler.o)
 .debug_str     0x000007e8        0x0 c:/program files (x86)/microchip/xc32/v1.40/bin/bin/../../lib/gcc/pic32mx/4.8.3/../../../../pic32mx/lib\libpic32.a(default-on-reset.o)
 .debug_str     0x000007e8        0x0 c:/program files (x86)/microchip/xc32/v1.40/bin/bin/../../lib/gcc/pic32mx/4.8.3/../../../../pic32mx/lib\libpic32.a(default-on-bootstrap.o)